Product: MDK-ARM Lite 5.10
Component: ARM Compiler 5.04 update 1 (build 49)
Tool: armlink [5040049]

==============================================================================

Section Cross References

    hello.o(i.main) refers to _printf_percent.o(.ARM.Collect$$_printf_percent$$00000000) for _printf_percent
    hello.o(i.main) refers to _printf_d.o(.ARM.Collect$$_printf_percent$$00000009) for _printf_d
    hello.o(i.main) refers to _printf_dec.o(.text) for _printf_int_dec
    hello.o(i.main) refers to sysctl.o(i.SysCtlPeripheralEnable) for SysCtlPeripheralEnable
    hello.o(i.main) refers to gpio.o(i.GPIOPinConfigure) for GPIOPinConfigure
    hello.o(i.main) refers to uart.o(i.UARTClockSourceSet) for UARTClockSourceSet
    hello.o(i.main) refers to gpio.o(i.GPIOPinTypeUART) for GPIOPinTypeUART
    hello.o(i.main) refers to uartstdio.o(i.UARTStdioConfig) for UARTStdioConfig
    hello.o(i.main) refers to mpu6050.o(i.initI2C) for initI2C
    hello.o(i.main) refers to sysctl.o(i.SysCtlClockGet) for SysCtlClockGet
    hello.o(i.main) refers to sysctl.o(.emb_text) for SysCtlDelay
    hello.o(i.main) refers to mpu6050.o(i.initMPU6050) for initMPU6050
    hello.o(i.main) refers to mpu6050.o(i.i2cReadData) for i2cReadData
    hello.o(i.main) refers to noretval__2sprintf.o(.text) for __2sprintf
    hello.o(i.main) refers to uartstdio.o(i.UARTprintf) for UARTprintf
    hello.o(i.main) refers to hello.o(.data) for accaxisX
    hello.o(i.main) refers to hello.o(.bss) for result
    mpu6050.o(i.getMPU6050Data) refers to mpu6050.o(i.i2cReadData) for i2cReadData
    mpu6050.o(i.getMPU6050Data) refers to hello.o(.data) for accaxisX
    mpu6050.o(i.i2cRead) refers to i2c.o(i.I2CMasterSlaveAddrSet) for I2CMasterSlaveAddrSet
    mpu6050.o(i.i2cRead) refers to i2c.o(i.I2CMasterDataPut) for I2CMasterDataPut
    mpu6050.o(i.i2cRead) refers to i2c.o(i.I2CMasterControl) for I2CMasterControl
    mpu6050.o(i.i2cRead) refers to i2c.o(i.I2CMasterBusy) for I2CMasterBusy
    mpu6050.o(i.i2cRead) refers to i2c.o(i.I2CMasterDataGet) for I2CMasterDataGet
    mpu6050.o(i.i2cReadData) refers to i2c.o(i.I2CMasterSlaveAddrSet) for I2CMasterSlaveAddrSet
    mpu6050.o(i.i2cReadData) refers to i2c.o(i.I2CMasterDataPut) for I2CMasterDataPut
    mpu6050.o(i.i2cReadData) refers to i2c.o(i.I2CMasterControl) for I2CMasterControl
    mpu6050.o(i.i2cReadData) refers to i2c.o(i.I2CMasterBusy) for I2CMasterBusy
    mpu6050.o(i.i2cReadData) refers to i2c.o(i.I2CMasterDataGet) for I2CMasterDataGet
    mpu6050.o(i.i2cWrite) refers to mpu6050.o(i.i2cWriteData) for i2cWriteData
    mpu6050.o(i.i2cWriteData) refers to i2c.o(i.I2CMasterSlaveAddrSet) for I2CMasterSlaveAddrSet
    mpu6050.o(i.i2cWriteData) refers to i2c.o(i.I2CMasterDataPut) for I2CMasterDataPut
    mpu6050.o(i.i2cWriteData) refers to i2c.o(i.I2CMasterControl) for I2CMasterControl
    mpu6050.o(i.i2cWriteData) refers to i2c.o(i.I2CMasterBusy) for I2CMasterBusy
    mpu6050.o(i.initI2C) refers to sysctl.o(i.SysCtlPeripheralEnable) for SysCtlPeripheralEnable
    mpu6050.o(i.initI2C) refers to sysctl.o(.emb_text) for SysCtlDelay
    mpu6050.o(i.initI2C) refers to gpio.o(i.GPIOPinConfigure) for GPIOPinConfigure
    mpu6050.o(i.initI2C) refers to gpio.o(i.GPIOPinTypeI2CSCL) for GPIOPinTypeI2CSCL
    mpu6050.o(i.initI2C) refers to gpio.o(i.GPIOPinTypeI2C) for GPIOPinTypeI2C
    mpu6050.o(i.initI2C) refers to sysctl.o(i.SysCtlClockGet) for SysCtlClockGet
    mpu6050.o(i.initI2C) refers to i2c.o(i.I2CMasterInitExpClk) for I2CMasterInitExpClk
    mpu6050.o(i.initMPU6050) refers to mpu6050.o(i.i2cRead) for i2cRead
    mpu6050.o(i.initMPU6050) refers to mpu6050.o(i.i2cWrite) for i2cWrite
    mpu6050.o(i.initMPU6050) refers to sysctl.o(i.SysCtlClockGet) for SysCtlClockGet
    mpu6050.o(i.initMPU6050) refers to sysctl.o(.emb_text) for SysCtlDelay
    mpu6050.o(i.initMPU6050) refers to mpu6050.o(i.i2cWriteData) for i2cWriteData
    uartstdio.o(i.UARTStdioConfig) refers to uartstdio.o(.constdata) for g_ui32UARTPeriph
    uartstdio.o(i.UARTStdioConfig) refers to uartstdio.o(.data) for g_ui32Base
    uartstdio.o(i.UARTgetc) refers to uartstdio.o(.data) for g_ui32Base
    uartstdio.o(i.UARTgets) refers to uartstdio.o(i.UARTwrite) for UARTwrite
    uartstdio.o(i.UARTgets) refers to uartstdio.o(.data) for g_ui32Base
    uartstdio.o(i.UARTprintf) refers to uartstdio.o(i.UARTvprintf) for UARTvprintf
    uartstdio.o(i.UARTvprintf) refers to uartstdio.o(i.UARTwrite) for UARTwrite
    uartstdio.o(i.UARTvprintf) refers to uartstdio.o(.constdata) for g_pcHex
    uartstdio.o(i.UARTwrite) refers to uartstdio.o(.data) for g_ui32Base
    uartstdio.o(.constdata) refers to uartstdio.o(.conststring) for .conststring
    startup_tm4c123.o(STACK) refers (Special) to heapauxi.o(.text) for __use_two_region_memory
    startup_tm4c123.o(HEAP) refers (Special) to heapauxi.o(.text) for __use_two_region_memory
    startup_tm4c123.o(RESET) refers (Special) to heapauxi.o(.text) for __use_two_region_memory
[...]
    gpio.o(i.GPIOPinTypeTimer) refers to gpio.o(i.GPIOPadConfigSet) for GPIOPadConfigSet
    gpio.o(i.GPIOPinTypeTrace) refers to gpio.o(i.GPIODirModeSet) for GPIODirModeSet
    gpio.o(i.GPIOPinTypeTrace) refers to gpio.o(i.GPIOPadConfigSet) for GPIOPadConfigSet
    gpio.o(i.GPIOPinTypeUART) refers to gpio.o(i.GPIODirModeSet) for GPIODirModeSet
    gpio.o(i.GPIOPinTypeUART) refers to gpio.o(i.GPIOPadConfigSet) for GPIOPadConfigSet
    gpio.o(i.GPIOPinTypeUSBAnalog) refers to gpio.o(i.GPIODirModeSet) for GPIODirModeSet
    gpio.o(i.GPIOPinTypeUSBAnalog) refers to gpio.o(i.GPIOPadConfigSet) for GPIOPadConfigSet
    gpio.o(i.GPIOPinTypeUSBDigital) refers to gpio.o(i.GPIODirModeSet) for GPIODirModeSet
    gpio.o(i.GPIOPinTypeUSBDigital) refers to gpio.o(i.GPIOPadConfigSet) for GPIOPadConfigSet
    gpio.o(i.GPIOPinTypeWakeHigh) refers to gpio.o(i.GPIODirModeSet) for GPIODirModeSet
    gpio.o(i.GPIOPinTypeWakeHigh) refers to gpio.o(i.GPIOPadConfigSet) for GPIOPadConfigSet
    gpio.o(i.GPIOPinTypeWakeLow) refers to gpio.o(i.GPIODirModeSet) for GPIODirModeSet
    gpio.o(i.GPIOPinTypeWakeLow) refers to gpio.o(i.GPIOPadConfigSet) for GPIOPadConfigSet
    gpio.o(i._GPIOIntNumberGet) refers to gpio.o(.constdata) for .constdata
    i2c.o(i.I2CIntRegister) refers to interrupt.o(i.IntRegister) for IntRegister
    i2c.o(i.I2CIntRegister) refers to interrupt.o(i.IntEnable) for IntEnable
    i2c.o(i.I2CIntRegister) refers to i2c.o(.constdata) for .constdata
    i2c.o(i.I2CIntUnregister) refers to interrupt.o(i.IntDisable) for IntDisable
    i2c.o(i.I2CIntUnregister) refers to interrupt.o(i.IntUnregister) for IntUnregister
    i2c.o(i.I2CIntUnregister) refers to i2c.o(.constdata) for .constdata
    sysctl.o(i.SysCtlClockFreqSet) refers to sysctl.o(.constdata) for .constdata
    sysctl.o(i.SysCtlClockGet) refers to sysctl.o(.constdata) for .constdata
    sysctl.o(i.SysCtlClockSet) refers to sysctl.o(.emb_text) for SysCtlDelay
    sysctl.o(i.SysCtlDeepSleep) refers to cpu.o(.emb_text) for CPUwfi
    sysctl.o(i.SysCtlIntRegister) refers to interrupt.o(i.IntRegister) for IntRegister
    sysctl.o(i.SysCtlIntRegister) refers to interrupt.o(i.IntEnable) for IntEnable
    sysctl.o(i.SysCtlIntUnregister) refers to interrupt.o(i.IntDisable) for IntDisable
    sysctl.o(i.SysCtlIntUnregister) refers to interrupt.o(i.IntUnregister) for IntUnregister
    sysctl.o(i.SysCtlSleep) refers to cpu.o(.emb_text) for CPUwfi
    sysctl.o(i.SysCtlVCOGet) refers to sysctl.o(.constdata) for .constdata
    uart.o(i.UARTIntRegister) refers to interrupt.o(i.IntRegister) for IntRegister
    uart.o(i.UARTIntRegister) refers to interrupt.o(i.IntEnable) for IntEnable
    uart.o(i.UARTIntRegister) refers to uart.o(.constdata) for .constdata
    uart.o(i.UARTIntUnregister) refers to interrupt.o(i.IntDisable) for IntDisable
    uart.o(i.UARTIntUnregister) refers to interrupt.o(i.IntUnregister) for IntUnregister
    uart.o(i.UARTIntUnregister) refers to uart.o(.constdata) for .constdata
    interrupt.o(i.IntDisable) refers to interrupt.o(.constdata) for .constdata
    interrupt.o(i.IntEnable) refers to interrupt.o(.constdata) for .constdata
    interrupt.o(i.IntIsEnabled) refers to interrupt.o(.constdata) for .constdata
    interrupt.o(i.IntMasterDisable) refers to cpu.o(.emb_text) for CPUcpsid
    interrupt.o(i.IntMasterEnable) refers to cpu.o(.emb_text) for CPUcpsie
    interrupt.o(i.IntPendClear) refers to interrupt.o(.constdata) for .constdata
    interrupt.o(i.IntPendSet) refers to interrupt.o(.constdata) for .constdata
    interrupt.o(i.IntPriorityGet) refers to interrupt.o(.constdata) for .constdata
    interrupt.o(i.IntPriorityGroupingGet) refers to interrupt.o(.constdata) for .constdata
    interrupt.o(i.IntPriorityGroupingSet) refers to interrupt.o(.constdata) for .constdata
    interrupt.o(i.IntPriorityMaskGet) refers to cpu.o(.emb_text) for CPUbasepriGet
    interrupt.o(i.IntPriorityMaskSet) refers to cpu.o(.emb_text) for CPUbasepriSet
    interrupt.o(i.IntPrioritySet) refers to interrupt.o(.constdata) for .constdata
    interrupt.o(i.IntRegister) refers to interrupt.o(vtable) for vtable
    interrupt.o(i.IntUnregister) refers to interrupt.o(i._IntDefaultHandler) for _IntDefaultHandler
    interrupt.o(i.IntUnregister) refers to interrupt.o(vtable) for vtable
    __2sprintf.o(.text) refers to _printf_char_common.o(.text) for _printf_char_common
    __2sprintf.o(.text) refers to _sputc.o(.text) for _sputc
    noretval__2sprintf.o(.text) refers to _printf_char_common.o(.text) for _printf_char_common
    noretval__2sprintf.o(.text) refers to _sputc.o(.text) for _sputc
    __printf.o(.text) refers to _printf_percent.o(.ARM.Collect$$_printf_percent$$00000000) for _printf_percent
    _printf_dec.o(.text) refers to _printf_intcommon.o(.text) for _printf_int_common
    __printf_flags.o(.text) refers to _printf_percent.o(.ARM.Collect$$_printf_percent$$00000000) for _printf_percent
    __printf_flags.o(.text) refers to __printf_flags.o(.constdata) for .constdata
    __printf_ss.o(.text) refers to _printf_percent.o(.ARM.Collect$$_printf_percent$$00000000) for _printf_percent
    __printf_flags_ss.o(.text) refers to _printf_percent.o(.ARM.Collect$$_printf_percent$$00000000) for _printf_percent
    __printf_flags_ss.o(.text) refers to __printf_flags_ss.o(.constdata) for .constdata
    __printf_wp.o(.text) refers to __printf_wp.o(i._is_digit) for _is_digit
    __printf_wp.o(.text) refers to _printf_percent.o(.ARM.Collect$$_printf_percent$$00000000) for _printf_percent
    __printf_flags_wp.o(.text) refers to __printf_wp.o(i._is_digit) for _is_digit
    __printf_flags_wp.o(.text) refers to _printf_percent.o(.ARM.Collect$$_printf_percent$$00000000) for _printf_percent
    __printf_flags_wp.o(.text) refers to __printf_flags_wp.o(.constdata) for .constdata
    __printf_ss_wp.o(.text) refers to __printf_wp.o(i._is_digit) for _is_digit
    __printf_ss_wp.o(.text) refers to _printf_percent.o(.ARM.Collect$$_printf_percent$$00000000) for _printf_percent
    __printf_flags_ss_wp.o(.text) refers to __printf_wp.o(i._is_digit) for _is_digit
    __printf_flags_ss_wp.o(.text) refers to _printf_percent.o(.ARM.Collect$$_printf_percent$$00000000) for _printf_percent
    __printf_flags_ss_wp.o(.text) refers to __printf_flags_ss_wp.o(.constdata) for .constdata
    _printf_d.o(.ARM.Collect$$_printf_percent$$00000009) refers (Weak) to _printf_dec.o(.text) for _printf_int_dec
    _printf_percent.o(.ARM.Collect$$_printf_percent$$00000000) refers (Special) to _printf_percent_end.o(.ARM.Collect$$_printf_percent$$00000017) for _printf_percent_end
    __main.o(!!!main) refers to rtentry.o(.ARM.Collect$$rtentry$$00000000) for __rt_entry
    rtentry.o(.ARM.Collect$$rtentry$$00000000) refers (Special) to rtentry2.o(.ARM.Collect$$rtentry$$0000000A) for __rt_entry_li
    rtentry.o(.ARM.Collect$$rtentry$$00000000) refers (Special) to rtentry2.o(.ARM.Collect$$rtentry$$0000000D) for __rt_entry_main
    rtentry.o(.ARM.Collect$$rtentry$$00000000) refers (Special) to rtentry2.o(.ARM.Collect$$rtentry$$0000000C) for __rt_entry_postli_1
    rtentry.o(.ARM.Collect$$rtentry$$00000000) refers (Special) to rtentry2.o(.ARM.Collect$$rtentry$$00000009) for __rt_entry_postsh_1
    rtentry.o(.ARM.Collect$$rtentry$$00000000) refers (Special) to rtentry2.o(.ARM.Collect$$rtentry$$00000002) for __rt_entry_presh_1
    rtentry.o(.ARM.Collect$$rtentry$$00000000) refers (Special) to rtentry4.o(.ARM.Collect$$rtentry$$00000004) for __rt_entry_sh
    _printf_char_common.o(.text) refers to __printf.o(.text) for __printf
    rtentry2.o(.ARM.Collect$$rtentry$$00000008) refers to boardinit2.o(.text) for _platform_post_stackheap_init
    rtentry2.o(.ARM.Collect$$rtentry$$0000000A) refers to libinit.o(.ARM.Collect$$libinit$$00000000) for __rt_lib_init
    rtentry2.o(.ARM.Collect$$rtentry$$0000000B) refers to boardinit3.o(.text) for _platform_post_lib_init
    rtentry2.o(.ARM.Collect$$rtentry$$0000000D) refers to hello.o(i.main) for main
    rtentry2.o(.ARM.Collect$$rtentry$$0000000D) refers to exit.o(.text) for exit
    rtentry2.o(.ARM.exidx) refers to rtentry2.o(.ARM.Collect$$rtentry$$00000001) for .ARM.Collect$$rtentry$$00000001
    rtentry2.o(.ARM.exidx) refers to rtentry2.o(.ARM.Collect$$rtentry$$00000008) for .ARM.Collect$$rtentry$$00000008
    rtentry2.o(.ARM.exidx) refers to rtentry2.o(.ARM.Collect$$rtentry$$0000000A) for .ARM.Collect$$rtentry$$0000000A
    rtentry2.o(.ARM.exidx) refers to rtentry2.o(.ARM.Collect$$rtentry$$0000000B) for .ARM.Collect$$rtentry$$0000000B
    rtentry2.o(.ARM.exidx) refers to rtentry2.o(.ARM.Collect$$rtentry$$0000000D) for .ARM.Collect$$rtentry$$0000000D
    rtentry4.o(.ARM.Collect$$rtentry$$00000004) refers to sys_stackheap_outer.o(.text) for __user_setup_stackheap
    rtentry4.o(.ARM.exidx) refers to rtentry4.o(.ARM.Collect$$rtentry$$00000004) for .ARM.Collect$$rtentry$$00000004
    sys_stackheap_outer.o(.text) refers to libspace.o(.text) for __user_perproc_libspace
    sys_stackheap_outer.o(.text) refers to startup_tm4c123.o(.text) for __user_initial_stackheap
    exit.o(.text) refers to rtexit.o(.ARM.Collect$$rtexit$$00000000) for __rt_exit
    libinit.o(.ARM.Collect$$libinit$$00000000) refers (Special) to libinit2.o(.ARM.Collect$$libinit$$0000002C) for __rt_lib_init_alloca_1
    libinit.o(.ARM.Collect$$libinit$$00000000) refers (Special) to libinit2.o(.ARM.Collect$$libinit$$0000002A) for __rt_lib_init_argv_1
    libinit.o(.ARM.Collect$$libinit$$00000000) refers (Special) to libinit2.o(.ARM.Collect$$libinit$$00000019) for __rt_lib_init_atexit_1
    libinit.o(.ARM.Collect$$libinit$$00000000) refers (Special) to libinit2.o(.ARM.Collect$$libinit$$0000001F) for __rt_lib_init_clock_1
    libinit.o(.ARM.Collect$$libinit$$00000000) refers (Special) to libinit2.o(.ARM.Collect$$libinit$$00000030) for __rt_lib_init_cpp_1
    libinit.o(.ARM.Collect$$libinit$$00000000) refers (Special) to libinit2.o(.ARM.Collect$$libinit$$0000002E) for __rt_lib_init_exceptions_1
    libinit.o(.ARM.Collect$$libinit$$00000000) refers (Special) to libinit2.o(.ARM.Collect$$libinit$$00000001) for __rt_lib_init_fp_1
    libinit.o(.ARM.Collect$$libinit$$00000000) refers (Special) to libinit2.o(.ARM.Collect$$libinit$$0000001D) for __rt_lib_init_fp_trap_1
    libinit.o(.ARM.Collect$$libinit$$00000000) refers (Special) to libinit2.o(.ARM.Collect$$libinit$$00000021) for __rt_lib_init_getenv_1
    libinit.o(.ARM.Collect$$libinit$$00000000) refers (Special) to libinit2.o(.ARM.Collect$$libinit$$00000008) for __rt_lib_init_heap_1
    libinit.o(.ARM.Collect$$libinit$$00000000) refers (Special) to libinit2.o(.ARM.Collect$$libinit$$0000000F) for __rt_lib_init_lc_collate_1
    libinit.o(.ARM.Collect$$libinit$$00000000) refers (Special) to libinit2.o(.ARM.Collect$$libinit$$00000011) for __rt_lib_init_lc_ctype_1
    libinit.o(.ARM.Collect$$libinit$$00000000) refers (Special) to libinit2.o(.ARM.Collect$$libinit$$00000013) for __rt_lib_init_lc_monetary_1
    libinit.o(.ARM.Collect$$libinit$$00000000) refers (Special) to libinit2.o(.ARM.Collect$$libinit$$00000015) for __rt_lib_init_lc_numeric_1
    libinit.o(.ARM.Collect$$libinit$$00000000) refers (Special) to libinit2.o(.ARM.Collect$$libinit$$00000017) for __rt_lib_init_lc_time_1
    libinit.o(.ARM.Collect$$libinit$$00000000) refers (Special) to libinit2.o(.ARM.Collect$$libinit$$0000000C) for __rt_lib_init_rand_1
    libinit.o(.ARM.Collect$$libinit$$00000000) refers (Special) to libinit2.o(.ARM.Collect$$libinit$$00000031) for __rt_lib_init_return
    libinit.o(.ARM.Collect$$libinit$$00000000) refers (Special) to libinit2.o(.ARM.Collect$$libinit$$0000001B) for __rt_lib_init_signal_1
    libinit.o(.ARM.Collect$$libinit$$00000000) refers (Special) to libinit2.o(.ARM.Collect$$libinit$$00000023) for __rt_lib_init_stdio_1
    libinit.o(.ARM.Collect$$libinit$$00000000) refers (Special) to libinit2.o(.ARM.Collect$$libinit$$0000000A) for __rt_lib_init_user_alloc_1
    libspace.o(.text) refers to libspace.o(.bss) for __libspace_start
    rtexit.o(.ARM.Collect$$rtexit$$00000000) refers (Special) to rtexit2.o(.ARM.Collect$$rtexit$$00000004) for __rt_exit_exit
    rtexit.o(.ARM.Collect$$rtexit$$00000000) refers (Special) to rtexit2.o(.ARM.Collect$$rtexit$$00000003) for __rt_exit_ls
    rtexit.o(.ARM.Collect$$rtexit$$00000000) refers (Special) to rtexit2.o(.ARM.Collect$$rtexit$$00000002) for __rt_exit_prels_1
    rtexit.o(.ARM.exidx) refers (Special) to rtexit2.o(.ARM.Collect$$rtexit$$00000004) for __rt_exit_exit
    rtexit.o(.ARM.exidx) refers (Special) to rtexit2.o(.ARM.Collect$$rtexit$$00000003) for __rt_exit_ls
    rtexit.o(.ARM.exidx) refers (Special) to rtexit2.o(.ARM.Collect$$rtexit$$00000002) for __rt_exit_prels_1
    rtexit.o(.ARM.exidx) refers to rtexit.o(.ARM.Collect$$rtexit$$00000000) for .ARM.Collect$$rtexit$$00000000
    libinit2.o(.ARM.Collect$$libinit$$00000001) refers to fpinit.o(x$fpl$fpinit) for _fp_init
    libinit2.o(.ARM.Collect$$libinit$$0000000E) refers to libinit2.o(.ARM.Collect$$libinit$$0000000D) for .ARM.Collect$$libinit$$0000000D
    libinit2.o(.ARM.Collect$$libinit$$00000010) refers to libinit2.o(.ARM.Collect$$libinit$$0000000D) for .ARM.Collect$$libinit$$0000000D
    libinit2.o(.ARM.Collect$$libinit$$00000012) refers to libinit2.o(.ARM.Collect$$libinit$$0000000D) for .ARM.Collect$$libinit$$0000000D
    libinit2.o(.ARM.Collect$$libinit$$00000014) refers to libinit2.o(.ARM.Collect$$libinit$$0000000D) for .ARM.Collect$$libinit$$0000000D
    libinit2.o(.ARM.Collect$$libinit$$00000016) refers to libinit2.o(.ARM.Collect$$libinit$$0000000D) for .ARM.Collect$$libinit$$0000000D
    libinit2.o(.ARM.Collect$$libinit$$00000024) refers to argv_veneer.o(.emb_text) for __ARM_argv_veneer
    libinit2.o(.ARM.Collect$$libinit$$00000025) refers to argv_veneer.o(.emb_text) for __ARM_argv_veneer
    rtexit2.o(.ARM.Collect$$rtexit$$00000003) refers to libshutdown.o(.ARM.Collect$$libshutdown$$00000000) for __rt_lib_shutdown
    rtexit2.o(.ARM.Collect$$rtexit$$00000004) refers to sys_exit.o(.text) for _sys_exit
    rtexit2.o(.ARM.exidx) refers to rtexit2.o(.ARM.Collect$$rtexit$$00000001) for .ARM.Collect$$rtexit$$00000001
    rtexit2.o(.ARM.exidx) refers to rtexit2.o(.ARM.Collect$$rtexit$$00000003) for .ARM.Collect$$rtexit$$00000003
    rtexit2.o(.ARM.exidx) refers to rtexit2.o(.ARM.Collect$$rtexit$$00000004) for .ARM.Collect$$rtexit$$00000004
    argv_veneer.o(.emb_text) refers to no_argv.o(.text) for __ARM_get_argv
    sys_exit.o(.text) refers (Special) to use_no_semi.o(.text) for __I$use$semihosting
    sys_exit.o(.text) refers (Special) to indicate_semi.o(.text) for __semihosting_library_function
    _get_argv_nomalloc.o(.text) refers (Special) to hrguard.o(.text) for __heap_region$guard
    _get_argv_nomalloc.o(.text) refers to defsig_rtmem_outer.o(.text) for __rt_SIGRTMEM
    _get_argv_nomalloc.o(.text) refers to sys_command.o(.text) for _sys_command_string
    libshutdown.o(.ARM.Collect$$libshutdown$$00000000) refers (Special) to libshutdown2.o(.ARM.Collect$$libshutdown$$00000006) for __rt_lib_shutdown_fp_trap_1
    libshutdown.o(.ARM.Collect$$libshutdown$$00000000) refers (Special) to libshutdown2.o(.ARM.Collect$$libshutdown$$0000000E) for __rt_lib_shutdown_heap_1
    libshutdown.o(.ARM.Collect$$libshutdown$$00000000) refers (Special) to libshutdown2.o(.ARM.Collect$$libshutdown$$0000000F) for __rt_lib_shutdown_return
    libshutdown.o(.ARM.Collect$$libshutdown$$00000000) refers (Special) to libshutdown2.o(.ARM.Collect$$libshutdown$$00000009) for __rt_lib_shutdown_signal_1
    libshutdown.o(.ARM.Collect$$libshutdown$$00000000) refers (Special) to libshutdown2.o(.ARM.Collect$$libshutdown$$00000003) for __rt_lib_shutdown_stdio_1
    libshutdown.o(.ARM.Collect$$libshutdown$$00000000) refers (Special) to libshutdown2.o(.ARM.Collect$$libshutdown$$0000000B) for __rt_lib_shutdown_user_alloc_1
    sys_command.o(.text) refers (Special) to use_no_semi.o(.text) for __I$use$semihosting
    sys_command.o(.text) refers (Special) to indicate_semi.o(.text) for __semihosting_library_function
    defsig_rtmem_outer.o(.text) refers to defsig_rtmem_inner.o(.text) for __rt_SIGRTMEM_inner
    defsig_rtmem_outer.o(.text) refers to defsig_exit.o(.text) for __sig_exit
    defsig_rtmem_formal.o(.text) refers to rt_raise.o(.text) for __rt_raise
    rt_raise.o(.text) refers to __raise.o(.text) for __raise
    rt_raise.o(.text) refers to sys_exit.o(.text) for _sys_exit
    defsig_exit.o(.text) refers to sys_exit.o(.text) for _sys_exit
    defsig_rtmem_inner.o(.text) refers to defsig_general.o(.text) for __default_signal_display
    __raise.o(.text) refers to defsig.o(CL$$defsig) for __default_signal_handler
    defsig_general.o(.text) refers to sys_wrch.o(.text) for _ttywrch
    sys_wrch.o(.text) refers (Special) to use_no_semi.o(.text) for __I$use$semihosting
    sys_wrch.o(.text) refers (Special) to indicate_semi.o(.text) for __semihosting_library_function
    defsig.o(CL$$defsig) refers to defsig_rtmem_inner.o(.text) for __rt_SIGRTMEM_inner
    defsig_abrt_inner.o(.text) refers to defsig_general.o(.text) for __default_signal_display
    defsig_fpe_inner.o(.text) refers to defsig_general.o(.text) for __default_signal_display
    defsig_rtred_inner.o(.text) refers to defsig_general.o(.text) for __default_signal_display
    defsig_stak_inner.o(.text) refers to defsig_general.o(.text) for __default_signal_display
    defsig_pvfn_inner.o(.text) refers to defsig_general.o(.text) for __default_signal_display
    defsig_cppl_inner.o(.text) refers to defsig_general.o(.text) for __default_signal_display
    defsig_segv_inner.o(.text) refers to defsig_general.o(.text) for __default_signal_display
    defsig_other.o(.text) refers to defsig_general.o(.text) for __default_signal_display


==============================================================================

Removing Unused input sections from the image.

    Removing mpu6050.o(i.getMPU6050Data), (148 bytes).
    Removing uartstdio.o(i.UARTgetc), (24 bytes).
    Removing uartstdio.o(i.UARTgets), (156 bytes).
    Removing system_tm4c123.o(.rev16_text), (4 bytes).
    Removing system_tm4c123.o(.revsh_text), (4 bytes).
    Removing system_tm4c123.o(i.SystemCoreClockUpdate), (196 bytes).
    Removing system_tm4c123.o(i.getOscClk), (244 bytes).
    Removing system_tm4c123.o(.data), (4 bytes).
    Removing gpio.o(i.GPIOADCTriggerDisable), (14 bytes).
    Removing gpio.o(i.GPIOADCTriggerEnable), (12 bytes).
    Removing gpio.o(i.GPIODMATriggerDisable), (14 bytes).
    Removing gpio.o(i.GPIODMATriggerEnable), (12 bytes).
    Removing gpio.o(i.GPIODirModeGet), (34 bytes).
    Removing gpio.o(i.GPIOIntClear), (6 bytes).
    Removing gpio.o(i.GPIOIntDisable), (14 bytes).
    Removing gpio.o(i.GPIOIntEnable), (12 bytes).
    Removing gpio.o(i.GPIOIntRegister), (26 bytes).
    Removing gpio.o(i.GPIOIntRegisterPin), (30 bytes).
    Removing gpio.o(i.GPIOIntStatus), (14 bytes).
    Removing gpio.o(i.GPIOIntTypeGet), (68 bytes).
    Removing gpio.o(i.GPIOIntTypeSet), (80 bytes).
    Removing gpio.o(i.GPIOIntUnregister), (22 bytes).
    Removing gpio.o(i.GPIOIntUnregisterPin), (26 bytes).
    Removing gpio.o(i.GPIOPadConfigGet), (204 bytes).
    Removing gpio.o(i.GPIOPinRead), (6 bytes).
    Removing gpio.o(i.GPIOPinTypeADC), (28 bytes).
    Removing gpio.o(i.GPIOPinTypeCAN), (28 bytes).
    Removing gpio.o(i.GPIOPinTypeComparator), (28 bytes).
    Removing gpio.o(i.GPIOPinTypeComparatorOutput), (28 bytes).
    Removing gpio.o(i.GPIOPinTypeDIVSCLK), (28 bytes).
    Removing gpio.o(i.GPIOPinTypeEPI), (28 bytes).
    Removing gpio.o(i.GPIOPinTypeEthernetLED), (28 bytes).
    Removing gpio.o(i.GPIOPinTypeEthernetMII), (28 bytes).
    Removing gpio.o(i.GPIOPinTypeGPIOInput), (28 bytes).
    Removing gpio.o(i.GPIOPinTypeGPIOOutput), (28 bytes).
    Removing gpio.o(i.GPIOPinTypeGPIOOutputOD), (28 bytes).
    Removing gpio.o(i.GPIOPinTypeHibernateRTCCLK), (28 bytes).
    Removing gpio.o(i.GPIOPinTypeLCD), (28 bytes).
    Removing gpio.o(i.GPIOPinTypeOneWire), (28 bytes).
    Removing gpio.o(i.GPIOPinTypePWM), (28 bytes).
    Removing gpio.o(i.GPIOPinTypeQEI), (28 bytes).
    Removing gpio.o(i.GPIOPinTypeSSI), (28 bytes).
    Removing gpio.o(i.GPIOPinTypeTimer), (28 bytes).
    Removing gpio.o(i.GPIOPinTypeTrace), (28 bytes).
    Removing gpio.o(i.GPIOPinTypeUSBAnalog), (28 bytes).
    Removing gpio.o(i.GPIOPinTypeUSBDigital), (28 bytes).
    Removing gpio.o(i.GPIOPinTypeWakeHigh), (30 bytes).
    Removing gpio.o(i.GPIOPinTypeWakeLow), (30 bytes).
    Removing gpio.o(i.GPIOPinWakeStatus), (6 bytes).
    Removing gpio.o(i.GPIOPinWrite), (6 bytes).
    Removing gpio.o(i._GPIOIntNumberGet), (80 bytes).
    Removing i2c.o(i.I2CFIFODataGet), (16 bytes).
    Removing i2c.o(i.I2CFIFODataGetNonBlocking), (24 bytes).
    Removing i2c.o(i.I2CFIFODataPut), (16 bytes).
    Removing i2c.o(i.I2CFIFODataPutNonBlocking), (20 bytes).
    Removing i2c.o(i.I2CFIFOStatus), (6 bytes).
    Removing i2c.o(i.I2CIntRegister), (96 bytes).
    Removing i2c.o(i.I2CIntUnregister), (96 bytes).
    Removing i2c.o(i.I2CLoopbackEnable), (10 bytes).
    Removing i2c.o(i.I2CMasterBurstCountGet), (4 bytes).
    Removing i2c.o(i.I2CMasterBurstLengthSet), (4 bytes).
    Removing i2c.o(i.I2CMasterBusBusy), (12 bytes).
    Removing i2c.o(i.I2CMasterDisable), (10 bytes).
    Removing i2c.o(i.I2CMasterEnable), (10 bytes).
    Removing i2c.o(i.I2CMasterErr), (24 bytes).
    Removing i2c.o(i.I2CMasterGlitchFilterConfigSet), (84 bytes).
    Removing i2c.o(i.I2CMasterIntClear), (8 bytes).
    Removing i2c.o(i.I2CMasterIntClearEx), (4 bytes).
    Removing i2c.o(i.I2CMasterIntDisable), (6 bytes).
    Removing i2c.o(i.I2CMasterIntDisableEx), (10 bytes).
    Removing i2c.o(i.I2CMasterIntEnable), (6 bytes).
    Removing i2c.o(i.I2CMasterIntEnableEx), (8 bytes).
    Removing i2c.o(i.I2CMasterIntStatus), (24 bytes).
    Removing i2c.o(i.I2CMasterIntStatusEx), (10 bytes).
    Removing i2c.o(i.I2CMasterLineStateGet), (4 bytes).
    Removing i2c.o(i.I2CMasterTimeoutSet), (4 bytes).
    Removing i2c.o(i.I2CRxFIFOConfigSet), (22 bytes).
    Removing i2c.o(i.I2CRxFIFOFlush), (14 bytes).
    Removing i2c.o(i.I2CSlaveACKOverride), (22 bytes).
    Removing i2c.o(i.I2CSlaveACKValueSet), (22 bytes).
    Removing i2c.o(i.I2CSlaveAddressSet), (24 bytes).
    Removing i2c.o(i.I2CSlaveDataGet), (6 bytes).
    Removing i2c.o(i.I2CSlaveDataPut), (6 bytes).
    Removing i2c.o(i.I2CSlaveDisable), (16 bytes).
    Removing i2c.o(i.I2CSlaveEnable), (16 bytes).
    Removing i2c.o(i.I2CSlaveFIFODisable), (8 bytes).
    Removing i2c.o(i.I2CSlaveFIFOEnable), (10 bytes).
    Removing i2c.o(i.I2CSlaveInit), (20 bytes).
    Removing i2c.o(i.I2CSlaveIntClear), (8 bytes).
    Removing i2c.o(i.I2CSlaveIntClearEx), (6 bytes).
    Removing i2c.o(i.I2CSlaveIntDisable), (14 bytes).
    Removing i2c.o(i.I2CSlaveIntDisableEx), (14 bytes).
    Removing i2c.o(i.I2CSlaveIntEnable), (14 bytes).
    Removing i2c.o(i.I2CSlaveIntEnableEx), (12 bytes).
    Removing i2c.o(i.I2CSlaveIntStatus), (28 bytes).
    Removing i2c.o(i.I2CSlaveIntStatusEx), (14 bytes).
    Removing i2c.o(i.I2CSlaveStatus), (6 bytes).
    Removing i2c.o(i.I2CTxFIFOConfigSet), (24 bytes).
    Removing i2c.o(i.I2CTxFIFOFlush), (14 bytes).
    Removing i2c.o(.constdata), (128 bytes).
    Removing sysctl.o(i.SysCtlAltClkConfig), (12 bytes).
    Removing sysctl.o(i.SysCtlClockFreqSet), (740 bytes).
    Removing sysctl.o(i.SysCtlClockOutConfig), (20 bytes).
    Removing sysctl.o(i.SysCtlClockSet), (288 bytes).
    Removing sysctl.o(i.SysCtlDeepSleep), (32 bytes).
    Removing sysctl.o(i.SysCtlDeepSleepClockConfigSet), (112 bytes).
    Removing sysctl.o(i.SysCtlDeepSleepClockSet), (12 bytes).
    Removing sysctl.o(i.SysCtlDeepSleepPowerSet), (12 bytes).
    Removing sysctl.o(i.SysCtlFlashSectorSizeGet), (56 bytes).
    Removing sysctl.o(i.SysCtlFlashSizeGet), (56 bytes).
    Removing sysctl.o(i.SysCtlGPIOAHBDisable), (28 bytes).
    Removing sysctl.o(i.SysCtlGPIOAHBEnable), (24 bytes).
    Removing sysctl.o(i.SysCtlIntClear), (12 bytes).
    Removing sysctl.o(i.SysCtlIntDisable), (16 bytes).
    Removing sysctl.o(i.SysCtlIntEnable), (16 bytes).
    Removing sysctl.o(i.SysCtlIntRegister), (20 bytes).
    Removing sysctl.o(i.SysCtlIntStatus), (16 bytes).
    Removing sysctl.o(i.SysCtlIntUnregister), (18 bytes).
    Removing sysctl.o(i.SysCtlLDODeepSleepGet), (12 bytes).
    Removing sysctl.o(i.SysCtlLDODeepSleepSet), (12 bytes).
    Removing sysctl.o(i.SysCtlLDOSleepGet), (12 bytes).
    Removing sysctl.o(i.SysCtlLDOSleepSet), (12 bytes).
    Removing sysctl.o(i.SysCtlMOSCConfigSet), (12 bytes).
    Removing sysctl.o(i.SysCtlNMIClear), (16 bytes).
    Removing sysctl.o(i.SysCtlNMIStatus), (12 bytes).
    Removing sysctl.o(i.SysCtlPIOSCCalibrate), (76 bytes).
    Removing sysctl.o(i.SysCtlPWMClockGet), (24 bytes).
    Removing sysctl.o(i.SysCtlPWMClockSet), (20 bytes).
    Removing sysctl.o(i.SysCtlPeripheralClockGating), (68 bytes).
    Removing sysctl.o(i.SysCtlPeripheralDeepSleepDisable), (40 bytes).
    Removing sysctl.o(i.SysCtlPeripheralDeepSleepEnable), (40 bytes).
    Removing sysctl.o(i.SysCtlPeripheralDisable), (40 bytes).
    Removing sysctl.o(i.SysCtlPeripheralPowerOff), (40 bytes).
    Removing sysctl.o(i.SysCtlPeripheralPowerOn), (40 bytes).
    Removing sysctl.o(i.SysCtlPeripheralPresent), (44 bytes).
    Removing sysctl.o(i.SysCtlPeripheralReady), (44 bytes).
    Removing sysctl.o(i.SysCtlPeripheralReset), (60 bytes).
    Removing sysctl.o(i.SysCtlPeripheralSleepDisable), (40 bytes).
    Removing sysctl.o(i.SysCtlPeripheralSleepEnable), (40 bytes).
    Removing sysctl.o(i.SysCtlReset), (16 bytes).
    Removing sysctl.o(i.SysCtlResetBehaviorGet), (12 bytes).
    Removing sysctl.o(i.SysCtlResetBehaviorSet), (12 bytes).
    Removing sysctl.o(i.SysCtlResetCauseClear), (16 bytes).
    Removing sysctl.o(i.SysCtlResetCauseGet), (12 bytes).
    Removing sysctl.o(i.SysCtlSRAMSizeGet), (16 bytes).
    Removing sysctl.o(i.SysCtlSleep), (4 bytes).
    Removing sysctl.o(i.SysCtlSleepPowerSet), (12 bytes).
    Removing sysctl.o(i.SysCtlUSBPLLDisable), (16 bytes).
    Removing sysctl.o(i.SysCtlUSBPLLEnable), (16 bytes).
    Removing sysctl.o(i.SysCtlVCOGet), (120 bytes).
    Removing sysctl.o(i.SysCtlVoltageEventClear), (16 bytes).
    Removing sysctl.o(i.SysCtlVoltageEventConfig), (12 bytes).
    Removing sysctl.o(i.SysCtlVoltageEventStatus), (12 bytes).
    Removing uart.o(i.UART9BitAddrSend), (38 bytes).
    Removing uart.o(i.UART9BitAddrSet), (10 bytes).
    Removing uart.o(i.UART9BitDisable), (14 bytes).
    Removing uart.o(i.UART9BitEnable), (14 bytes).
    Removing uart.o(i.UARTBreakCtl), (18 bytes).
    Removing uart.o(i.UARTBusy), (8 bytes).
    Removing uart.o(i.UARTCharGet), (12 bytes).
    Removing uart.o(i.UARTCharGetNonBlocking), (16 bytes).
    Removing uart.o(i.UARTCharPut), (12 bytes).
    Removing uart.o(i.UARTCharPutNonBlocking), (16 bytes).
    Removing uart.o(i.UARTCharsAvail), (10 bytes).
    Removing uart.o(i.UARTClockSourceGet), (6 bytes).
    Removing uart.o(i.UARTConfigGetExpClk), (46 bytes).
    Removing uart.o(i.UARTConfigSetExpClk), (110 bytes).
    Removing uart.o(i.UARTDMADisable), (10 bytes).
    Removing uart.o(i.UARTDMAEnable), (8 bytes).
    Removing uart.o(i.UARTDisable), (30 bytes).
    Removing uart.o(i.UARTDisableSIR), (10 bytes).
    Removing uart.o(i.UARTEnable), (20 bytes).
    Removing uart.o(i.UARTEnableSIR), (18 bytes).
    Removing uart.o(i.UARTFIFODisable), (10 bytes).
    Removing uart.o(i.UARTFIFOEnable), (10 bytes).
    Removing uart.o(i.UARTFIFOLevelGet), (16 bytes).
    Removing uart.o(i.UARTFIFOLevelSet), (6 bytes).
    Removing uart.o(i.UARTFlowControlGet), (8 bytes).
    Removing uart.o(i.UARTFlowControlSet), (12 bytes).
    Removing uart.o(i.UARTIntClear), (4 bytes).
    Removing uart.o(i.UARTIntDisable), (10 bytes).
    Removing uart.o(i.UARTIntEnable), (8 bytes).
    Removing uart.o(i.UARTIntRegister), (88 bytes).
    Removing uart.o(i.UARTIntStatus), (10 bytes).
    Removing uart.o(i.UARTIntUnregister), (88 bytes).
    Removing uart.o(i.UARTLoopbackEnable), (10 bytes).
    Removing uart.o(i.UARTModemControlClear), (14 bytes).
    Removing uart.o(i.UARTModemControlGet), (8 bytes).
    Removing uart.o(i.UARTModemControlSet), (12 bytes).
    Removing uart.o(i.UARTModemStatusGet), (10 bytes).
    Removing uart.o(i.UARTParityModeGet), (8 bytes).
    Removing uart.o(i.UARTParityModeSet), (12 bytes).
    Removing uart.o(i.UARTRxErrorClear), (6 bytes).
    Removing uart.o(i.UARTRxErrorGet), (8 bytes).
    Removing uart.o(i.UARTSmartCardDisable), (10 bytes).
    Removing uart.o(i.UARTSmartCardEnable), (22 bytes).
    Removing uart.o(i.UARTSpaceAvail), (10 bytes).
    Removing uart.o(i.UARTTxIntModeGet), (8 bytes).
    Removing uart.o(i.UARTTxIntModeSet), (12 bytes).
    Removing uart.o(.constdata), (128 bytes).
    Removing cpu.o(.emb_text), (38 bytes).
    Removing interrupt.o(i.IntDisable), (100 bytes).
    Removing interrupt.o(i.IntEnable), (100 bytes).
    Removing interrupt.o(i.IntIsEnabled), (96 bytes).
    Removing interrupt.o(i.IntMasterDisable), (14 bytes).
    Removing interrupt.o(i.IntMasterEnable), (14 bytes).
    Removing interrupt.o(i.IntPendClear), (68 bytes).
    Removing interrupt.o(i.IntPendSet), (84 bytes).
    Removing interrupt.o(i.IntPriorityGet), (28 bytes).
    Removing interrupt.o(i.IntPriorityGroupingGet), (36 bytes).
    Removing interrupt.o(i.IntPriorityGroupingSet), (28 bytes).
    Removing interrupt.o(i.IntPriorityMaskGet), (4 bytes).
    Removing interrupt.o(i.IntPriorityMaskSet), (4 bytes).
    Removing interrupt.o(i.IntPrioritySet), (40 bytes).
    Removing interrupt.o(i.IntRegister), (52 bytes).
    Removing interrupt.o(i.IntTrigger), (12 bytes).
    Removing interrupt.o(i.IntUnregister), (20 bytes).
    Removing interrupt.o(i._IntDefaultHandler), (2 bytes).
    Removing interrupt.o(.constdata), (268 bytes).
    Removing interrupt.o(vtable), (620 bytes).

220 unused section(s) (total 8186 bytes) removed from the image.

==============================================================================

Image Symbol Table

    Local Symbols

    Symbol Name                              Value     Ov Type        Size  Object(Section)

    RESET                                    0x00000000   Section      620  startup_tm4c123.o(RESET)
    ../clib/angel/boardlib.s                 0x00000000   Number         0  boardinit3.o ABSOLUTE
    ../clib/angel/boardlib.s                 0x00000000   Number         0  boardinit1.o ABSOLUTE
    ../clib/angel/boardlib.s                 0x00000000   Number         0  boardinit2.o ABSOLUTE
    ../clib/angel/boardlib.s                 0x00000000   Number         0  boardshut.o ABSOLUTE
    ../clib/angel/handlers.s                 0x00000000   Number         0  __scatter_copy.o ABSOLUTE
    ../clib/angel/handlers.s                 0x00000000   Number         0  __scatter_zi.o ABSOLUTE
    ../clib/angel/kernel.s                   0x00000000   Number         0  rtexit.o ABSOLUTE
    ../clib/angel/kernel.s                   0x00000000   Number         0  rtexit2.o ABSOLUTE
    ../clib/angel/kernel.s                   0x00000000   Number         0  rtentry.o ABSOLUTE
    ../clib/angel/kernel.s                   0x00000000   Number         0  rtentry2.o ABSOLUTE
    ../clib/angel/kernel.s                   0x00000000   Number         0  rtentry4.o ABSOLUTE
    ../clib/angel/rt.s                       0x00000000   Number         0  rt_raise.o ABSOLUTE
    ../clib/angel/scatter.s                  0x00000000   Number         0  __scatter.o ABSOLUTE
    ../clib/angel/startup.s                  0x00000000   Number         0  __main.o ABSOLUTE
    ../clib/angel/sys.s                      0x00000000   Number         0  libspace.o ABSOLUTE
    ../clib/angel/sys.s                      0x00000000   Number         0  sys_stackheap_outer.o ABSOLUTE
    ../clib/angel/sys.s                      0x00000000   Number         0  indicate_semi.o ABSOLUTE
    ../clib/angel/sys.s                      0x00000000   Number         0  use_no_semi.o ABSOLUTE
    ../clib/angel/sysapp.c                   0x00000000   Number         0  sys_exit.o ABSOLUTE
    ../clib/angel/sysapp.c                   0x00000000   Number         0  sys_wrch.o ABSOLUTE
    ../clib/angel/sysapp.c                   0x00000000   Number         0  sys_command.o ABSOLUTE
    ../clib/armsys.c                         0x00000000   Number         0  argv_veneer.o ABSOLUTE
    ../clib/armsys.c                         0x00000000   Number         0  no_argv.o ABSOLUTE
    ../clib/armsys.c                         0x00000000   Number         0  _get_argv_nomalloc.o ABSOLUTE
    ../clib/armsys.c                         0x00000000   Number         0  argv_veneer.o ABSOLUTE
    ../clib/heapalloc.c                      0x00000000   Number         0  hrguard.o ABSOLUTE
    ../clib/heapaux.c                        0x00000000   Number         0  heapauxi.o ABSOLUTE
    ../clib/libinit.s                        0x00000000   Number         0  libshutdown.o ABSOLUTE
    ../clib/libinit.s                        0x00000000   Number         0  libinit2.o ABSOLUTE
    ../clib/libinit.s                        0x00000000   Number         0  libshutdown2.o ABSOLUTE
    ../clib/libinit.s                        0x00000000   Number         0  libinit.o ABSOLUTE
    ../clib/printf.c                         0x00000000   Number         0  _printf_char_common.o ABSOLUTE
    ../clib/printf.c                         0x00000000   Number         0  _printf_intcommon.o ABSOLUTE
    ../clib/printf.c                         0x00000000   Number         0  __printf_ss_wp.o ABSOLUTE
    ../clib/printf.c                         0x00000000   Number         0  _sputc.o ABSOLUTE
    ../clib/printf.c                         0x00000000   Number         0  __printf_nopercent.o ABSOLUTE
    ../clib/printf.c                         0x00000000   Number         0  __printf_flags_ss_wp.o ABSOLUTE
    ../clib/printf.c                         0x00000000   Number         0  __printf_flags_wp.o ABSOLUTE
    ../clib/printf.c                         0x00000000   Number         0  __printf_wp.o ABSOLUTE
    ../clib/printf.c                         0x00000000   Number         0  __printf_flags_ss.o ABSOLUTE
    ../clib/printf.c                         0x00000000   Number         0  __printf_ss.o ABSOLUTE
    ../clib/printf.c                         0x00000000   Number         0  __printf_flags.o ABSOLUTE
    ../clib/printf.c                         0x00000000   Number         0  _printf_dec.o ABSOLUTE
    ../clib/printf.c                         0x00000000   Number         0  __printf.o ABSOLUTE
    ../clib/printf.c                         0x00000000   Number         0  noretval__2sprintf.o ABSOLUTE
    ../clib/printf.c                         0x00000000   Number         0  __2sprintf.o ABSOLUTE
    ../clib/printf_percent.s                 0x00000000   Number         0  _printf_percent.o ABSOLUTE
    ../clib/printf_percent.s                 0x00000000   Number         0  _printf_d.o ABSOLUTE
    ../clib/printf_percent.s                 0x00000000   Number         0  _printf_percent_end.o ABSOLUTE
    ../clib/signal.c                         0x00000000   Number         0  defsig_abrt_inner.o ABSOLUTE
    ../clib/signal.c                         0x00000000   Number         0  defsig_general.o ABSOLUTE
    ../clib/signal.c                         0x00000000   Number         0  __raise.o ABSOLUTE
    ../clib/signal.c                         0x00000000   Number         0  defsig_rtmem_inner.o ABSOLUTE
    ../clib/signal.c                         0x00000000   Number         0  defsig_exit.o ABSOLUTE
    ../clib/signal.c                         0x00000000   Number         0  defsig_rtmem_formal.o ABSOLUTE
    ../clib/signal.c                         0x00000000   Number         0  defsig_rtmem_outer.o ABSOLUTE
    ../clib/signal.c                         0x00000000   Number         0  defsig_fpe_inner.o ABSOLUTE
    ../clib/signal.c                         0x00000000   Number         0  defsig_rtred_inner.o ABSOLUTE
    ../clib/signal.c                         0x00000000   Number         0  defsig_stak_inner.o ABSOLUTE
    ../clib/signal.c                         0x00000000   Number         0  defsig_pvfn_inner.o ABSOLUTE
    ../clib/signal.c                         0x00000000   Number         0  defsig_cppl_inner.o ABSOLUTE
    ../clib/signal.c                         0x00000000   Number         0  defsig_segv_inner.o ABSOLUTE
    ../clib/signal.c                         0x00000000   Number         0  defsig_other.o ABSOLUTE
    ../clib/signal.s                         0x00000000   Number         0  defsig.o ABSOLUTE
    ../clib/stdlib.c                         0x00000000   Number         0  exit.o ABSOLUTE
    ../fplib/fpinit.s                        0x00000000   Number         0  fpinit.o ABSOLUTE
    RTE\Device\TM4C123GH6PM\startup_TM4C123.s 0x00000000   Number         0  startup_tm4c123.o ABSOLUTE
    RTE\Device\TM4C123GH6PM\system_TM4C123.c 0x00000000   Number         0  system_tm4c123.o ABSOLUTE
    RTE\\Device\\TM4C123GH6PM\\system_TM4C123.c 0x00000000   Number         0  system_tm4c123.o ABSOLUTE
    cpu.c                                    0x00000000   Number         0  cpu.o ABSOLUTE
    cpu.c                                    0x00000000   Number         0  cpu.o ABSOLUTE
    dc.s                                     0x00000000   Number         0  dc.o ABSOLUTE
    gpio.c                                   0x00000000   Number         0  gpio.o ABSOLUTE
    hello.c                                  0x00000000   Number         0  hello.o ABSOLUTE
    i2c.c                                    0x00000000   Number         0  i2c.o ABSOLUTE
    interrupt.c                              0x00000000   Number         0  interrupt.o ABSOLUTE
    mpu6050.c                                0x00000000   Number         0  mpu6050.o ABSOLUTE
    sysctl.c                                 0x00000000   Number         0  sysctl.o ABSOLUTE
    sysctl.c                                 0x00000000   Number         0  sysctl.o ABSOLUTE
    uart.c                                   0x00000000   Number         0  uart.o ABSOLUTE
    uartstdio.c                              0x00000000   Number         0  uartstdio.o ABSOLUTE
    !!!main                                  0x0000026c   Section        8  __main.o(!!!main)
    !!!scatter                               0x00000274   Section       52  __scatter.o(!!!scatter)
    !!handler_copy                           0x000002a8   Section       26  __scatter_copy.o(!!handler_copy)
    !!handler_zi                             0x000002c4   Section       28  __scatter_zi.o(!!handler_zi)
    .ARM.Collect$$_printf_percent$$00000000  0x000002e0   Section        0  _printf_percent.o(.ARM.Collect$$_printf_percent$$00000000)
    .ARM.Collect$$_printf_percent$$00000009  0x000002e0   Section        6  _printf_d.o(.ARM.Collect$$_printf_percent$$00000009)
    .ARM.Collect$$_printf_percent$$00000017  0x000002e6   Section        4  _printf_percent_end.o(.ARM.Collect$$_printf_percent$$00000017)
    .ARM.Collect$$libinit$$00000000          0x000002ea   Section        2  libinit.o(.ARM.Collect$$libinit$$00000000)
    .ARM.Collect$$libinit$$00000001          0x000002ec   Section        4  libinit2.o(.ARM.Collect$$libinit$$00000001)
    .ARM.Collect$$libinit$$00000008          0x000002f0   Section        0  libinit2.o(.ARM.Collect$$libinit$$00000008)
    .ARM.Collect$$libinit$$0000000A          0x000002f0   Section        0  libinit2.o(.ARM.Collect$$libinit$$0000000A)
    .ARM.Collect$$libinit$$0000000C          0x000002f0   Section        0  libinit2.o(.ARM.Collect$$libinit$$0000000C)
    .ARM.Collect$$libinit$$0000000F          0x000002f0   Section        0  libinit2.o(.ARM.Collect$$libinit$$0000000F)
    .ARM.Collect$$libinit$$00000011          0x000002f0   Section        0  libinit2.o(.ARM.Collect$$libinit$$00000011)
    .ARM.Collect$$libinit$$00000013          0x000002f0   Section        0  libinit2.o(.ARM.Collect$$libinit$$00000013)
    .ARM.Collect$$libinit$$00000015          0x000002f0   Section        0  libinit2.o(.ARM.Collect$$libinit$$00000015)
    .ARM.Collect$$libinit$$00000017          0x000002f0   Section        0  libinit2.o(.ARM.Collect$$libinit$$00000017)
    .ARM.Collect$$libinit$$00000019          0x000002f0   Section        0  libinit2.o(.ARM.Collect$$libinit$$00000019)
    .ARM.Collect$$libinit$$0000001B          0x000002f0   Section        0  libinit2.o(.ARM.Collect$$libinit$$0000001B)
    .ARM.Collect$$libinit$$0000001D          0x000002f0   Section        0  libinit2.o(.ARM.Collect$$libinit$$0000001D)
    .ARM.Collect$$libinit$$0000001F          0x000002f0   Section        0  libinit2.o(.ARM.Collect$$libinit$$0000001F)
    .ARM.Collect$$libinit$$00000021          0x000002f0   Section        0  libinit2.o(.ARM.Collect$$libinit$$00000021)
    .ARM.Collect$$libinit$$00000023          0x000002f0   Section        0  libinit2.o(.ARM.Collect$$libinit$$00000023)
    .ARM.Collect$$libinit$$0000002A          0x000002f0   Section        0  libinit2.o(.ARM.Collect$$libinit$$0000002A)
    .ARM.Collect$$libinit$$0000002C          0x000002f0   Section        0  libinit2.o(.ARM.Collect$$libinit$$0000002C)
    .ARM.Collect$$libinit$$0000002E          0x000002f0   Section        0  libinit2.o(.ARM.Collect$$libinit$$0000002E)
    .ARM.Collect$$libinit$$00000030          0x000002f0   Section        0  libinit2.o(.ARM.Collect$$libinit$$00000030)
    .ARM.Collect$$libinit$$00000031          0x000002f0   Section        2  libinit2.o(.ARM.Collect$$libinit$$00000031)
    .ARM.Collect$$libshutdown$$00000000      0x000002f2   Section        2  libshutdown.o(.ARM.Collect$$libshutdown$$00000000)
    .ARM.Collect$$libshutdown$$00000003      0x000002f4   Section        0  libshutdown2.o(.ARM.Collect$$libshutdown$$00000003)
    .ARM.Collect$$libshutdown$$00000006      0x000002f4   Section        0  libshutdown2.o(.ARM.Collect$$libshutdown$$00000006)
    .ARM.Collect$$libshutdown$$00000009      0x000002f4   Section        0  libshutdown2.o(.ARM.Collect$$libshutdown$$00000009)
    .ARM.Collect$$libshutdown$$0000000B      0x000002f4   Section        0  libshutdown2.o(.ARM.Collect$$libshutdown$$0000000B)
    .ARM.Collect$$libshutdown$$0000000E      0x000002f4   Section        0  libshutdown2.o(.ARM.Collect$$libshutdown$$0000000E)
    .ARM.Collect$$libshutdown$$0000000F      0x000002f4   Section        2  libshutdown2.o(.ARM.Collect$$libshutdown$$0000000F)
    .ARM.Collect$$rtentry$$00000000          0x000002f6   Section        0  rtentry.o(.ARM.Collect$$rtentry$$00000000)
    .ARM.Collect$$rtentry$$00000002          0x000002f6   Section        0  rtentry2.o(.ARM.Collect$$rtentry$$00000002)
    .ARM.Collect$$rtentry$$00000004          0x000002f6   Section        6  rtentry4.o(.ARM.Collect$$rtentry$$00000004)
    .ARM.Collect$$rtentry$$00000009          0x000002fc   Section        0  rtentry2.o(.ARM.Collect$$rtentry$$00000009)
    .ARM.Collect$$rtentry$$0000000A          0x000002fc   Section        4  rtentry2.o(.ARM.Collect$$rtentry$$0000000A)
    .ARM.Collect$$rtentry$$0000000C          0x00000300   Section        0  rtentry2.o(.ARM.Collect$$rtentry$$0000000C)
    .ARM.Collect$$rtentry$$0000000D          0x00000300   Section        8  rtentry2.o(.ARM.Collect$$rtentry$$0000000D)
    .ARM.Collect$$rtexit$$00000000           0x00000308   Section        2  rtexit.o(.ARM.Collect$$rtexit$$00000000)
    .ARM.Collect$$rtexit$$00000002           0x0000030a   Section        0  rtexit2.o(.ARM.Collect$$rtexit$$00000002)
    .ARM.Collect$$rtexit$$00000003           0x0000030a   Section        4  rtexit2.o(.ARM.Collect$$rtexit$$00000003)
    .ARM.Collect$$rtexit$$00000004           0x0000030e   Section        6  rtexit2.o(.ARM.Collect$$rtexit$$00000004)
    .emb_text                                0x00000314   Section        6  sysctl.o(.emb_text)
    $v0                                      0x00000314   Number         0  sysctl.o(.emb_text)
    .text                                    0x0000031c   Section      276  startup_tm4c123.o(.text)
    $v0                                      0x0000031c   Number         0  startup_tm4c123.o(.text)
    .text                                    0x00000430   Section        0  noretval__2sprintf.o(.text)
    .text                                    0x00000458   Section        0  __printf.o(.text)
    .text                                    0x000004c0   Section        0  _printf_dec.o(.text)
    .text                                    0x00000534   Section        0  heapauxi.o(.text)
    .text                                    0x0000053a   Section        0  _printf_intcommon.o(.text)
    .text                                    0x000005ec   Section        0  _printf_char_common.o(.text)
    _printf_input_char                       0x000005ed   Thumb Code    10  _printf_char_common.o(.text)
    .text                                    0x0000061c   Section        0  _sputc.o(.text)
    .text                                    0x00000626   Section       74  sys_stackheap_outer.o(.text)
    .text                                    0x00000670   Section        0  exit.o(.text)
    .text                                    0x0000067c   Section        8  libspace.o(.text)
    .text                                    0x00000684   Section        0  sys_exit.o(.text)
    .text                                    0x00000690   Section        2  use_no_semi.o(.text)
    .text                                    0x00000692   Section        0  indicate_semi.o(.text)
    i.GPIODirModeSet                         0x00000692   Section        0  gpio.o(i.GPIODirModeSet)
    i.GPIOPadConfigSet                       0x000006ba   Section        0  gpio.o(i.GPIOPadConfigSet)
    i.GPIOPinConfigure                       0x000007f4   Section        0  gpio.o(i.GPIOPinConfigure)
    i.GPIOPinTypeI2C                         0x00000838   Section        0  gpio.o(i.GPIOPinTypeI2C)
    i.GPIOPinTypeI2CSCL                      0x00000854   Section        0  gpio.o(i.GPIOPinTypeI2CSCL)
    i.GPIOPinTypeUART                        0x00000870   Section        0  gpio.o(i.GPIOPinTypeUART)
    i.I2CMasterBusy                          0x0000088c   Section        0  i2c.o(i.I2CMasterBusy)
    i.I2CMasterControl                       0x00000898   Section        0  i2c.o(i.I2CMasterControl)
    i.I2CMasterDataGet                       0x0000089c   Section        0  i2c.o(i.I2CMasterDataGet)
    i.I2CMasterDataPut                       0x000008a0   Section        0  i2c.o(i.I2CMasterDataPut)
    i.I2CMasterInitExpClk                    0x000008a4   Section        0  i2c.o(i.I2CMasterInitExpClk)
    i.I2CMasterSlaveAddrSet                  0x000008f8   Section        0  i2c.o(i.I2CMasterSlaveAddrSet)
    i.SysCtlClockGet                         0x00000900   Section        0  sysctl.o(i.SysCtlClockGet)
    i.SysCtlPeripheralEnable                 0x00000a54   Section        0  sysctl.o(i.SysCtlPeripheralEnable)
    i.SystemInit                             0x00000a7c   Section        0  system_tm4c123.o(i.SystemInit)
    i.UARTClockSourceSet                     0x00000b14   Section        0  uart.o(i.UARTClockSourceSet)
    i.UARTStdioConfig                        0x00000b1c   Section        0  uartstdio.o(i.UARTStdioConfig)
    i.UARTprintf                             0x00000b88   Section        0  uartstdio.o(i.UARTprintf)
    i.UARTvprintf                            0x00000ba4   Section        0  uartstdio.o(i.UARTvprintf)
    i.UARTwrite                              0x00000df4   Section        0  uartstdio.o(i.UARTwrite)
    i.i2cRead                                0x00000e34   Section        0  mpu6050.o(i.i2cRead)
    i.i2cReadData                            0x00000e8c   Section        0  mpu6050.o(i.i2cReadData)
    i.i2cWrite                               0x00000f38   Section        0  mpu6050.o(i.i2cWrite)
    i.i2cWriteData                           0x00000f4c   Section        0  mpu6050.o(i.i2cWriteData)
    i.initI2C                                0x00000fd0   Section        0  mpu6050.o(i.initI2C)
    i.initMPU6050                            0x00001034   Section        0  mpu6050.o(i.initMPU6050)
    i.main                                   0x000010cc   Section        0  hello.o(i.main)
    x$fpl$fpinit                             0x000012f8   Section       10  fpinit.o(x$fpl$fpinit)
    $v0                                      0x000012f8   Number         0  fpinit.o(x$fpl$fpinit)
    .constdata                               0x00001304   Section       28  uartstdio.o(.constdata)
    g_pcHex                                  0x00001304   Data           4  uartstdio.o(.constdata)
    g_ui32UARTBase                           0x00001308   Data          12  uartstdio.o(.constdata)
    g_ui32UARTPeriph                         0x00001314   Data          12  uartstdio.o(.constdata)
    .constdata                               0x00001320   Section      552  gpio.o(.constdata)
    g_ppui32GPIOIntMapBlizzard               0x00001320   Data         192  gpio.o(.constdata)
    g_ppui32GPIOIntMapSnowflake              0x000013e0   Data         216  gpio.o(.constdata)
    g_pui32GPIOBaseAddrs                     0x000014b8   Data         144  gpio.o(.constdata)
    .constdata                               0x00001548   Section      596  sysctl.o(.constdata)
    g_pui32VCOFrequencies                    0x00001548   Data           8  sysctl.o(.constdata)
    g_pui32Xtals                             0x00001550   Data         108  sysctl.o(.constdata)
    g_pppui32XTALtoVCO                       0x000015bc   Data         432  sysctl.o(.constdata)
    g_sXTALtoMEMTIM                          0x0000176c   Data          48  sysctl.o(.constdata)
    .conststring                             0x0000179c   Section       17  uartstdio.o(.conststring)
    .data                                    0x20000000   Section       40  hello.o(.data)
    .data                                    0x20000028   Section        5  uartstdio.o(.data)
    g_ui32Base                               0x20000028   Data           4  uartstdio.o(.data)
    bLastWasCR                               0x2000002c   Data           1  uartstdio.o(.data)
    .bss                                     0x20000030   Section      150  hello.o(.bss)
    .bss                                     0x200000c8   Section       96  libspace.o(.bss)
    HEAP                                     0x20000128   Section        0  startup_tm4c123.o(HEAP)
    STACK                                    0x20000128   Section      512  startup_tm4c123.o(STACK)
    Heap_Mem                                 0x20000128   Data           0  startup_tm4c123.o(HEAP)
    Stack_Mem                                0x20000128   Data         512  startup_tm4c123.o(STACK)
    __initial_sp                             0x20000328   Data           0  startup_tm4c123.o(STACK)

    Global Symbols

    Symbol Name                              Value     Ov Type        Size  Object(Section)

    BuildAttributes$$THM_ISAv4$E$P$D$K$B$S$7EM$VFPi3$EXTD16$VFPS$VFMA$PE$A:L22UL41UL21$X:L11$S22US41US21$IEEE1$IW$USESV6$~STKCKD$USESV7$~SHL$OTIME$ROPI$EBA8$UX$STANDARDLIB$REQ8$PRES8$EABIv2 0x00000000   Number         0  anon$$obj.o ABSOLUTE
    __ARM_use_no_argv                        0x00000000   Number         0  hello.o ABSOLUTE
    __Vectors                                0x00000000   Data           4  startup_tm4c123.o(RESET)
    __ARM_exceptions_init                     - Undefined Weak Reference
    __alloca_initialize                       - Undefined Weak Reference
    __cpp_initialize__aeabi_                  - Undefined Weak Reference
    __cxa_finalize                            - Undefined Weak Reference
    __rt_locale                               - Undefined Weak Reference
    __sigvec_lookup                           - Undefined Weak Reference
    _atexit_init                              - Undefined Weak Reference
    _call_atexit_fns                          - Undefined Weak Reference
    _clock_init                               - Undefined Weak Reference
    _fp_trap_init                             - Undefined Weak Reference
    _fp_trap_shutdown                         - Undefined Weak Reference
    _get_lc_collate                           - Undefined Weak Reference
    _get_lc_ctype                             - Undefined Weak Reference
    _get_lc_monetary                          - Undefined Weak Reference
    _get_lc_numeric                           - Undefined Weak Reference
    _get_lc_time                              - Undefined Weak Reference
    _getenv_init                              - Undefined Weak Reference
    _handle_redirection                       - Undefined Weak Reference
    _init_alloc                               - Undefined Weak Reference
    _init_user_alloc                          - Undefined Weak Reference
    _initio                                   - Undefined Weak Reference
    _printf_post_padding                      - Undefined Weak Reference
    _printf_pre_padding                       - Undefined Weak Reference
    _printf_truncate_signed                   - Undefined Weak Reference
    _printf_truncate_unsigned                 - Undefined Weak Reference
    _rand_init                                - Undefined Weak Reference
    _signal_finish                            - Undefined Weak Reference
    _signal_init                              - Undefined Weak Reference
    _terminate_alloc                          - Undefined Weak Reference
    _terminate_user_alloc                     - Undefined Weak Reference
    _terminateio                              - Undefined Weak Reference
    __Vectors_End                            0x0000026c   Data           0  startup_tm4c123.o(RESET)
    __Vectors_Size                           0x0000026c   Number         0  startup_tm4c123.o ABSOLUTE
    __main                                   0x0000026d   Thumb Code     8  __main.o(!!!main)
    __scatterload                            0x00000275   Thumb Code     0  __scatter.o(!!!scatter)
    __scatterload_rt2                        0x00000275   Thumb Code    44  __scatter.o(!!!scatter)
    __scatterload_rt2_thumb_only             0x00000275   Thumb Code     0  __scatter.o(!!!scatter)
    __scatterload_null                       0x00000283   Thumb Code     0  __scatter.o(!!!scatter)
    __scatterload_copy                       0x000002a9   Thumb Code    26  __scatter_copy.o(!!handler_copy)
    __scatterload_zeroinit                   0x000002c5   Thumb Code    28  __scatter_zi.o(!!handler_zi)
    _printf_d                                0x000002e1   Thumb Code     0  _printf_d.o(.ARM.Collect$$_printf_percent$$00000009)
    _printf_percent                          0x000002e1   Thumb Code     0  _printf_percent.o(.ARM.Collect$$_printf_percent$$00000000)
    _printf_percent_end                      0x000002e7   Thumb Code     0  _printf_percent_end.o(.ARM.Collect$$_printf_percent$$00000017)
    __rt_lib_init                            0x000002eb   Thumb Code     0  libinit.o(.ARM.Collect$$libinit$$00000000)
    __rt_lib_init_fp_1                       0x000002ed   Thumb Code     0  libinit2.o(.ARM.Collect$$libinit$$00000001)
    __rt_lib_init_alloca_1                   0x000002f1   Thumb Code     0  libinit2.o(.ARM.Collect$$libinit$$0000002C)
    __rt_lib_init_argv_1                     0x000002f1   Thumb Code     0  libinit2.o(.ARM.Collect$$libinit$$0000002A)
    __rt_lib_init_atexit_1                   0x000002f1   Thumb Code     0  libinit2.o(.ARM.Collect$$libinit$$00000019)
    __rt_lib_init_clock_1                    0x000002f1   Thumb Code     0  libinit2.o(.ARM.Collect$$libinit$$0000001F)
    __rt_lib_init_cpp_1                      0x000002f1   Thumb Code     0  libinit2.o(.ARM.Collect$$libinit$$00000030)
    __rt_lib_init_exceptions_1               0x000002f1   Thumb Code     0  libinit2.o(.ARM.Collect$$libinit$$0000002E)
    __rt_lib_init_fp_trap_1                  0x000002f1   Thumb Code     0  libinit2.o(.ARM.Collect$$libinit$$0000001D)
    __rt_lib_init_getenv_1                   0x000002f1   Thumb Code     0  libinit2.o(.ARM.Collect$$libinit$$00000021)
    __rt_lib_init_heap_1                     0x000002f1   Thumb Code     0  libinit2.o(.ARM.Collect$$libinit$$00000008)
    __rt_lib_init_lc_collate_1               0x000002f1   Thumb Code     0  libinit2.o(.ARM.Collect$$libinit$$0000000F)
    __rt_lib_init_lc_ctype_1                 0x000002f1   Thumb Code     0  libinit2.o(.ARM.Collect$$libinit$$00000011)
    __rt_lib_init_lc_monetary_1              0x000002f1   Thumb Code     0  libinit2.o(.ARM.Collect$$libinit$$00000013)
    __rt_lib_init_lc_numeric_1               0x000002f1   Thumb Code     0  libinit2.o(.ARM.Collect$$libinit$$00000015)
    __rt_lib_init_lc_time_1                  0x000002f1   Thumb Code     0  libinit2.o(.ARM.Collect$$libinit$$00000017)
    __rt_lib_init_rand_1                     0x000002f1   Thumb Code     0  libinit2.o(.ARM.Collect$$libinit$$0000000C)
    __rt_lib_init_return                     0x000002f1   Thumb Code     0  libinit2.o(.ARM.Collect$$libinit$$00000031)
    __rt_lib_init_signal_1                   0x000002f1   Thumb Code     0  libinit2.o(.ARM.Collect$$libinit$$0000001B)
    __rt_lib_init_stdio_1                    0x000002f1   Thumb Code     0  libinit2.o(.ARM.Collect$$libinit$$00000023)
    __rt_lib_init_user_alloc_1               0x000002f1   Thumb Code     0  libinit2.o(.ARM.Collect$$libinit$$0000000A)
    __rt_lib_shutdown                        0x000002f3   Thumb Code     0  libshutdown.o(.ARM.Collect$$libshutdown$$00000000)
    __rt_lib_shutdown_fp_trap_1              0x000002f5   Thumb Code     0  libshutdown2.o(.ARM.Collect$$libshutdown$$00000006)
    __rt_lib_shutdown_heap_1                 0x000002f5   Thumb Code     0  libshutdown2.o(.ARM.Collect$$libshutdown$$0000000E)
    __rt_lib_shutdown_return                 0x000002f5   Thumb Code     0  libshutdown2.o(.ARM.Collect$$libshutdown$$0000000F)
    __rt_lib_shutdown_signal_1               0x000002f5   Thumb Code     0  libshutdown2.o(.ARM.Collect$$libshutdown$$00000009)
    __rt_lib_shutdown_stdio_1                0x000002f5   Thumb Code     0  libshutdown2.o(.ARM.Collect$$libshutdown$$00000003)
    __rt_lib_shutdown_user_alloc_1           0x000002f5   Thumb Code     0  libshutdown2.o(.ARM.Collect$$libshutdown$$0000000B)
    __rt_entry                               0x000002f7   Thumb Code     0  rtentry.o(.ARM.Collect$$rtentry$$00000000)
    __rt_entry_presh_1                       0x000002f7   Thumb Code     0  rtentry2.o(.ARM.Collect$$rtentry$$00000002)
    __rt_entry_sh                            0x000002f7   Thumb Code     0  rtentry4.o(.ARM.Collect$$rtentry$$00000004)
    __rt_entry_li                            0x000002fd   Thumb Code     0  rtentry2.o(.ARM.Collect$$rtentry$$0000000A)
    __rt_entry_postsh_1                      0x000002fd   Thumb Code     0  rtentry2.o(.ARM.Collect$$rtentry$$00000009)
    __rt_entry_main                          0x00000301   Thumb Code     0  rtentry2.o(.ARM.Collect$$rtentry$$0000000D)
    __rt_entry_postli_1                      0x00000301   Thumb Code     0  rtentry2.o(.ARM.Collect$$rtentry$$0000000C)
    __rt_exit                                0x00000309   Thumb Code     0  rtexit.o(.ARM.Collect$$rtexit$$00000000)
    __rt_exit_ls                             0x0000030b   Thumb Code     0  rtexit2.o(.ARM.Collect$$rtexit$$00000003)
    __rt_exit_prels_1                        0x0000030b   Thumb Code     0  rtexit2.o(.ARM.Collect$$rtexit$$00000002)
    __rt_exit_exit                           0x0000030f   Thumb Code     0  rtexit2.o(.ARM.Collect$$rtexit$$00000004)
    SysCtlDelay                              0x00000315   Thumb Code     6  sysctl.o(.emb_text)
    Reset_Handler                            0x0000031d   Thumb Code     8  startup_tm4c123.o(.text)
    NMI_Handler                              0x00000325   Thumb Code     2  startup_tm4c123.o(.text)
    HardFault_Handler                        0x00000327   Thumb Code     2  startup_tm4c123.o(.text)
    MemManage_Handler                        0x00000329   Thumb Code     2  startup_tm4c123.o(.text)
    BusFault_Handler                         0x0000032b   Thumb Code     2  startup_tm4c123.o(.text)
    UsageFault_Handler                       0x0000032d   Thumb Code     2  startup_tm4c123.o(.text)
    SVC_Handler                              0x0000032f   Thumb Code     2  startup_tm4c123.o(.text)
    DebugMon_Handler                         0x00000331   Thumb Code     2  startup_tm4c123.o(.text)
    PendSV_Handler                           0x00000333   Thumb Code     2  startup_tm4c123.o(.text)
    SysTick_Handler                          0x00000335   Thumb Code     2  startup_tm4c123.o(.text)
    GPIOA_Handler                            0x00000337   Thumb Code     2  startup_tm4c123.o(.text)
    GPIOB_Handler                            0x00000339   Thumb Code     2  startup_tm4c123.o(.text)
    GPIOC_Handler                            0x0000033b   Thumb Code     2  startup_tm4c123.o(.text)
    GPIOD_Handler                            0x0000033d   Thumb Code     2  startup_tm4c123.o(.text)
    GPIOE_Handler                            0x0000033f   Thumb Code     2  startup_tm4c123.o(.text)
    UART0_Handler                            0x00000341   Thumb Code     2  startup_tm4c123.o(.text)
    UART1_Handler                            0x00000343   Thumb Code     2  startup_tm4c123.o(.text)
    SSI0_Handler                             0x00000345   Thumb Code     2  startup_tm4c123.o(.text)
    I2C0_Handler                             0x00000347   Thumb Code     2  startup_tm4c123.o(.text)
    PMW0_FAULT_Handler                       0x00000349   Thumb Code     2  startup_tm4c123.o(.text)
    PWM0_0_Handler                           0x0000034b   Thumb Code     2  startup_tm4c123.o(.text)
    PWM0_1_Handler                           0x0000034d   Thumb Code     2  startup_tm4c123.o(.text)
    PWM0_2_Handler                           0x0000034f   Thumb Code     2  startup_tm4c123.o(.text)
    QEI0_Handler                             0x00000351   Thumb Code     2  startup_tm4c123.o(.text)
    ADC0SS0_Handler                          0x00000353   Thumb Code     2  startup_tm4c123.o(.text)
    ADC0SS1_Handler                          0x00000355   Thumb Code     2  startup_tm4c123.o(.text)
    ADC0SS2_Handler                          0x00000357   Thumb Code     2  startup_tm4c123.o(.text)
    ADC0SS3_Handler                          0x00000359   Thumb Code     2  startup_tm4c123.o(.text)
    WDT0_Handler                             0x0000035b   Thumb Code     2  startup_tm4c123.o(.text)
    TIMER0A_Handler                          0x0000035d   Thumb Code     2  startup_tm4c123.o(.text)
    TIMER0B_Handler                          0x0000035f   Thumb Code     2  startup_tm4c123.o(.text)
    TIMER1A_Handler                          0x00000361   Thumb Code     2  startup_tm4c123.o(.text)
    TIMER1B_Handler                          0x00000363   Thumb Code     2  startup_tm4c123.o(.text)
    TIMER2A_Handler                          0x00000365   Thumb Code     2  startup_tm4c123.o(.text)
    TIMER2B_Handler                          0x00000367   Thumb Code     2  startup_tm4c123.o(.text)
    COMP0_Handler                            0x00000369   Thumb Code     2  startup_tm4c123.o(.text)
    COMP1_Handler                            0x0000036b   Thumb Code     2  startup_tm4c123.o(.text)
    COMP2_Handler                            0x0000036d   Thumb Code     2  startup_tm4c123.o(.text)
    SYSCTL_Handler                           0x0000036f   Thumb Code     2  startup_tm4c123.o(.text)
    FLASH_Handler                            0x00000371   Thumb Code     2  startup_tm4c123.o(.text)
    GPIOF_Handler                            0x00000373   Thumb Code     2  startup_tm4c123.o(.text)
    GPIOG_Handler                            0x00000375   Thumb Code     2  startup_tm4c123.o(.text)
    GPIOH_Handler                            0x00000377   Thumb Code     2  startup_tm4c123.o(.text)
    UART2_Handler                            0x00000379   Thumb Code     2  startup_tm4c123.o(.text)
    SSI1_Handler                             0x0000037b   Thumb Code     2  startup_tm4c123.o(.text)
    TIMER3A_Handler                          0x0000037d   Thumb Code     2  startup_tm4c123.o(.text)
    TIMER3B_Handler                          0x0000037f   Thumb Code     2  startup_tm4c123.o(.text)
    I2C1_Handler                             0x00000381   Thumb Code     2  startup_tm4c123.o(.text)
    QEI1_Handler                             0x00000383   Thumb Code     2  startup_tm4c123.o(.text)
    CAN0_Handler                             0x00000385   Thumb Code     2  startup_tm4c123.o(.text)
    CAN1_Handler                             0x00000387   Thumb Code     2  startup_tm4c123.o(.text)
    CAN2_Handler                             0x00000389   Thumb Code     2  startup_tm4c123.o(.text)
    HIB_Handler                              0x0000038b   Thumb Code     2  startup_tm4c123.o(.text)
    USB0_Handler                             0x0000038d   Thumb Code     2  startup_tm4c123.o(.text)
    PWM0_3_Handler                           0x0000038f   Thumb Code     2  startup_tm4c123.o(.text)
    UDMA_Handler                             0x00000391   Thumb Code     2  startup_tm4c123.o(.text)
    UDMAERR_Handler                          0x00000393   Thumb Code     2  startup_tm4c123.o(.text)
    ADC1SS0_Handler                          0x00000395   Thumb Code     2  startup_tm4c123.o(.text)
    ADC1SS1_Handler                          0x00000397   Thumb Code     2  startup_tm4c123.o(.text)
    ADC1SS2_Handler                          0x00000399   Thumb Code     2  startup_tm4c123.o(.text)
    ADC1SS3_Handler                          0x0000039b   Thumb Code     2  startup_tm4c123.o(.text)
    GPIOJ_Handler                            0x0000039d   Thumb Code     2  startup_tm4c123.o(.text)
    GPIOK_Handler                            0x0000039f   Thumb Code     2  startup_tm4c123.o(.text)
    GPIOL_Handler                            0x000003a1   Thumb Code     2  startup_tm4c123.o(.text)
    SSI2_Handler                             0x000003a3   Thumb Code     2  startup_tm4c123.o(.text)
    SSI3_Handler                             0x000003a5   Thumb Code     2  startup_tm4c123.o(.text)
    UART3_Handler                            0x000003a7   Thumb Code     2  startup_tm4c123.o(.text)
    UART4_Handler                            0x000003a9   Thumb Code     2  startup_tm4c123.o(.text)
    UART5_Handler                            0x000003ab   Thumb Code     2  startup_tm4c123.o(.text)
    UART6_Handler                            0x000003ad   Thumb Code     2  startup_tm4c123.o(.text)
    UART7_Handler                            0x000003af   Thumb Code     2  startup_tm4c123.o(.text)
    I2C2_Handler                             0x000003b1   Thumb Code     2  startup_tm4c123.o(.text)
    I2C3_Handler                             0x000003b3   Thumb Code     2  startup_tm4c123.o(.text)
    TIMER4A_Handler                          0x000003b5   Thumb Code     2  startup_tm4c123.o(.text)
    TIMER4B_Handler                          0x000003b7   Thumb Code     2  startup_tm4c123.o(.text)
    TIMER5A_Handler                          0x000003b9   Thumb Code     2  startup_tm4c123.o(.text)
    TIMER5B_Handler                          0x000003bb   Thumb Code     2  startup_tm4c123.o(.text)
    WTIMER0A_Handler                         0x000003bd   Thumb Code     2  startup_tm4c123.o(.text)
    WTIMER0B_Handler                         0x000003bf   Thumb Code     2  startup_tm4c123.o(.text)
    WTIMER1A_Handler                         0x000003c1   Thumb Code     2  startup_tm4c123.o(.text)
    WTIMER1B_Handler                         0x000003c3   Thumb Code     2  startup_tm4c123.o(.text)
    WTIMER2A_Handler                         0x000003c5   Thumb Code     2  startup_tm4c123.o(.text)
    WTIMER2B_Handler                         0x000003c7   Thumb Code     2  startup_tm4c123.o(.text)
    WTIMER3A_Handler                         0x000003c9   Thumb Code     2  startup_tm4c123.o(.text)
    WTIMER3B_Handler                         0x000003cb   Thumb Code     2  startup_tm4c123.o(.text)
    WTIMER4A_Handler                         0x000003cd   Thumb Code     2  startup_tm4c123.o(.text)
    WTIMER4B_Handler                         0x000003cf   Thumb Code     2  startup_tm4c123.o(.text)
    WTIMER5A_Handler                         0x000003d1   Thumb Code     2  startup_tm4c123.o(.text)
    WTIMER5B_Handler                         0x000003d3   Thumb Code     2  startup_tm4c123.o(.text)
    FPU_Handler                              0x000003d5   Thumb Code     2  startup_tm4c123.o(.text)
    I2C4_Handler                             0x000003d7   Thumb Code     2  startup_tm4c123.o(.text)
    I2C5_Handler                             0x000003d9   Thumb Code     2  startup_tm4c123.o(.text)
    GPIOM_Handler                            0x000003db   Thumb Code     2  startup_tm4c123.o(.text)
    GPION_Handler                            0x000003dd   Thumb Code     2  startup_tm4c123.o(.text)
    QEI2_Handler                             0x000003df   Thumb Code     2  startup_tm4c123.o(.text)
    GPIOP0_Handler                           0x000003e1   Thumb Code     2  startup_tm4c123.o(.text)
    GPIOP1_Handler                           0x000003e3   Thumb Code     2  startup_tm4c123.o(.text)
    GPIOP2_Handler                           0x000003e5   Thumb Code     2  startup_tm4c123.o(.text)
    GPIOP3_Handler                           0x000003e7   Thumb Code     2  startup_tm4c123.o(.text)
    GPIOP4_Handler                           0x000003e9   Thumb Code     2  startup_tm4c123.o(.text)
    GPIOP5_Handler                           0x000003eb   Thumb Code     2  startup_tm4c123.o(.text)
    GPIOP6_Handler                           0x000003ed   Thumb Code     2  startup_tm4c123.o(.text)
    GPIOP7_Handler                           0x000003ef   Thumb Code     2  startup_tm4c123.o(.text)
    GPIOQ0_Handler                           0x000003f1   Thumb Code     2  startup_tm4c123.o(.text)
    GPIOQ1_Handler                           0x000003f3   Thumb Code     2  startup_tm4c123.o(.text)
    GPIOQ2_Handler                           0x000003f5   Thumb Code     2  startup_tm4c123.o(.text)
    GPIOQ3_Handler                           0x000003f7   Thumb Code     2  startup_tm4c123.o(.text)
    GPIOQ4_Handler                           0x000003f9   Thumb Code     2  startup_tm4c123.o(.text)
    GPIOQ5_Handler                           0x000003fb   Thumb Code     2  startup_tm4c123.o(.text)
    GPIOQ6_Handler                           0x000003fd   Thumb Code     2  startup_tm4c123.o(.text)
    GPIOQ7_Handler                           0x000003ff   Thumb Code     2  startup_tm4c123.o(.text)
    GPIOR_Handler                            0x00000401   Thumb Code     2  startup_tm4c123.o(.text)
    GPIOS_Handler                            0x00000403   Thumb Code     2  startup_tm4c123.o(.text)
    PMW1_0_Handler                           0x00000405   Thumb Code     2  startup_tm4c123.o(.text)
    PWM1_1_Handler                           0x00000407   Thumb Code     2  startup_tm4c123.o(.text)
    PWM1_2_Handler                           0x00000409   Thumb Code     2  startup_tm4c123.o(.text)
    PWM1_3_Handler                           0x0000040b   Thumb Code     2  startup_tm4c123.o(.text)
    PWM1_FAULT_Handler                       0x0000040d   Thumb Code     2  startup_tm4c123.o(.text)
    __user_initial_stackheap                 0x00000411   Thumb Code     0  startup_tm4c123.o(.text)
    __2sprintf                               0x00000431   Thumb Code    34  noretval__2sprintf.o(.text)
    __printf                                 0x00000459   Thumb Code   104  __printf.o(.text)
    _printf_int_dec                          0x000004c1   Thumb Code   100  _printf_dec.o(.text)
    __use_two_region_memory                  0x00000535   Thumb Code     2  heapauxi.o(.text)
    __rt_heap_escrow$2region                 0x00000537   Thumb Code     2  heapauxi.o(.text)
    __rt_heap_expand$2region                 0x00000539   Thumb Code     2  heapauxi.o(.text)
    _printf_int_common                       0x0000053b   Thumb Code   178  _printf_intcommon.o(.text)
    _printf_char_common                      0x000005f7   Thumb Code    32  _printf_char_common.o(.text)
    _sputc                                   0x0000061d   Thumb Code    10  _sputc.o(.text)
    __user_setup_stackheap                   0x00000627   Thumb Code    74  sys_stackheap_outer.o(.text)
    exit                                     0x00000671   Thumb Code    12  exit.o(.text)
    __user_libspace                          0x0000067d   Thumb Code     8  libspace.o(.text)
    __user_perproc_libspace                  0x0000067d   Thumb Code     0  libspace.o(.text)
    __user_perthread_libspace                0x0000067d   Thumb Code     0  libspace.o(.text)
    _sys_exit                                0x00000685   Thumb Code     8  sys_exit.o(.text)
    __I$use$semihosting                      0x00000691   Thumb Code     0  use_no_semi.o(.text)
    __use_no_semihosting_swi                 0x00000691   Thumb Code     2  use_no_semi.o(.text)
    GPIODirModeSet                           0x00000693   Thumb Code    40  gpio.o(i.GPIODirModeSet)
    __semihosting_library_function           0x00000693   Thumb Code     0  indicate_semi.o(.text)
    GPIOPadConfigSet                         0x000006bb   Thumb Code   312  gpio.o(i.GPIOPadConfigSet)
    GPIOPinConfigure                         0x000007f5   Thumb Code    60  gpio.o(i.GPIOPinConfigure)
    GPIOPinTypeI2C                           0x00000839   Thumb Code    28  gpio.o(i.GPIOPinTypeI2C)
    GPIOPinTypeI2CSCL                        0x00000855   Thumb Code    28  gpio.o(i.GPIOPinTypeI2CSCL)
    GPIOPinTypeUART                          0x00000871   Thumb Code    28  gpio.o(i.GPIOPinTypeUART)
    I2CMasterBusy                            0x0000088d   Thumb Code    12  i2c.o(i.I2CMasterBusy)
    I2CMasterControl                         0x00000899   Thumb Code     4  i2c.o(i.I2CMasterControl)
    I2CMasterDataGet                         0x0000089d   Thumb Code     4  i2c.o(i.I2CMasterDataGet)
    I2CMasterDataPut                         0x000008a1   Thumb Code     4  i2c.o(i.I2CMasterDataPut)
    I2CMasterInitExpClk                      0x000008a5   Thumb Code    72  i2c.o(i.I2CMasterInitExpClk)
    I2CMasterSlaveAddrSet                    0x000008f9   Thumb Code     8  i2c.o(i.I2CMasterSlaveAddrSet)
    SysCtlClockGet                           0x00000901   Thumb Code   304  sysctl.o(i.SysCtlClockGet)
    SysCtlPeripheralEnable                   0x00000a55   Thumb Code    36  sysctl.o(i.SysCtlPeripheralEnable)
    SystemInit                               0x00000a7d   Thumb Code   112  system_tm4c123.o(i.SystemInit)
    UARTClockSourceSet                       0x00000b15   Thumb Code     6  uart.o(i.UARTClockSourceSet)
    UARTStdioConfig                          0x00000b1d   Thumb Code    96  uartstdio.o(i.UARTStdioConfig)
    UARTprintf                               0x00000b89   Thumb Code    26  uartstdio.o(i.UARTprintf)
    UARTvprintf                              0x00000ba5   Thumb Code   574  uartstdio.o(i.UARTvprintf)
    UARTwrite                                0x00000df5   Thumb Code    58  uartstdio.o(i.UARTwrite)
    i2cRead                                  0x00000e35   Thumb Code    84  mpu6050.o(i.i2cRead)
    i2cReadData                              0x00000e8d   Thumb Code   168  mpu6050.o(i.i2cReadData)
    i2cWrite                                 0x00000f39   Thumb Code    20  mpu6050.o(i.i2cWrite)
    i2cWriteData                             0x00000f4d   Thumb Code   126  mpu6050.o(i.i2cWriteData)
    initI2C                                  0x00000fd1   Thumb Code    86  mpu6050.o(i.initI2C)
    initMPU6050                              0x00001035   Thumb Code   152  mpu6050.o(i.initMPU6050)
    main                                     0x000010cd   Thumb Code   452  hello.o(i.main)
    _fp_init                                 0x000012f9   Thumb Code    10  fpinit.o(x$fpl$fpinit)
    __fplib_config_fpu_vfp                   0x00001301   Thumb Code     0  fpinit.o(x$fpl$fpinit)
    __fplib_config_pureend_doubles           0x00001301   Thumb Code     0  fpinit.o(x$fpl$fpinit)
    Region$$Table$$Base                      0x000017b0   Number         0  anon$$obj.o(Region$$Table)
    Region$$Table$$Limit                     0x000017d0   Number         0  anon$$obj.o(Region$$Table)
    accaxisX                                 0x20000000   Data           2  hello.o(.data)
    accaxisY                                 0x20000002   Data           2  hello.o(.data)
    accaxisZ                                 0x20000004   Data           2  hello.o(.data)
    accaxisX_f                               0x20000008   Data           4  hello.o(.data)
    accaxisY_f                               0x2000000c   Data           4  hello.o(.data)
    accaxisZ_f                               0x20000010   Data           4  hello.o(.data)
    gyroaxisX                                0x20000014   Data           2  hello.o(.data)
    gyroaxisY                                0x20000016   Data           2  hello.o(.data)
    gyroaxisZ                                0x20000018   Data           2  hello.o(.data)
    gyroaxisX_f                              0x2000001c   Data           4  hello.o(.data)
    gyroaxisY_f                              0x20000020   Data           4  hello.o(.data)
    gyroaxisZ_f                              0x20000024   Data           4  hello.o(.data)
    result                                   0x20000030   Data         150  hello.o(.bss)
    __libspace_start                         0x200000c8   Data          96  libspace.o(.bss)
    __temporary_stack_top$libspace           0x20000128   Data           0  libspace.o(.bss)



==============================================================================

Memory Map of the image

  Image Entry point : 0x0000031d

  Load Region LR_1 (Base: 0x00000000, Size: 0x00001800, Max: 0xffffffff, ABSOLUTE)

    Execution Region ER_RO (Base: 0x00000000, Size: 0x000017d0, Max: 0xffffffff, ABSOLUTE)

    Base Addr    Size         Type   Attr      Idx    E Section Name        Object

    0x00000000   0x0000026c   Data   RO          183    RESET               startup_tm4c123.o
    0x0000026c   0x00000008   Code   RO         1716  * !!!main             c_w.l(__main.o)
    0x00000274   0x00000034   Code   RO         1879    !!!scatter          c_w.l(__scatter.o)
    0x000002a8   0x0000001a   Code   RO         1881    !!handler_copy      c_w.l(__scatter_copy.o)
    0x000002c2   0x00000002   PAD
    0x000002c4   0x0000001c   Code   RO         1883    !!handler_zi        c_w.l(__scatter_zi.o)
    0x000002e0   0x00000000   Code   RO         1713    .ARM.Collect$$_printf_percent$$00000000  c_w.l(_printf_percent.o)
    0x000002e0   0x00000006   Code   RO         1712    .ARM.Collect$$_printf_percent$$00000009  c_w.l(_printf_d.o)
    0x000002e6   0x00000004   Code   RO         1725    .ARM.Collect$$_printf_percent$$00000017  c_w.l(_printf_percent_end.o)
    0x000002ea   0x00000002   Code   RO         1752    .ARM.Collect$$libinit$$00000000  c_w.l(libinit.o)
    0x000002ec   0x00000004   Code   RO         1758    .ARM.Collect$$libinit$$00000001  c_w.l(libinit2.o)
    0x000002f0   0x00000000   Code   RO         1762    .ARM.Collect$$libinit$$00000008  c_w.l(libinit2.o)
    0x000002f0   0x00000000   Code   RO         1764    .ARM.Collect$$libinit$$0000000A  c_w.l(libinit2.o)
    0x000002f0   0x00000000   Code   RO         1766    .ARM.Collect$$libinit$$0000000C  c_w.l(libinit2.o)
    0x000002f0   0x00000000   Code   RO         1769    .ARM.Collect$$libinit$$0000000F  c_w.l(libinit2.o)
    0x000002f0   0x00000000   Code   RO         1771    .ARM.Collect$$libinit$$00000011  c_w.l(libinit2.o)
    0x000002f0   0x00000000   Code   RO         1773    .ARM.Collect$$libinit$$00000013  c_w.l(libinit2.o)
    0x000002f0   0x00000000   Code   RO         1775    .ARM.Collect$$libinit$$00000015  c_w.l(libinit2.o)
    0x000002f0   0x00000000   Code   RO         1777    .ARM.Collect$$libinit$$00000017  c_w.l(libinit2.o)
    0x000002f0   0x00000000   Code   RO         1779    .ARM.Collect$$libinit$$00000019  c_w.l(libinit2.o)
    0x000002f0   0x00000000   Code   RO         1781    .ARM.Collect$$libinit$$0000001B  c_w.l(libinit2.o)
    0x000002f0   0x00000000   Code   RO         1783    .ARM.Collect$$libinit$$0000001D  c_w.l(libinit2.o)
    0x000002f0   0x00000000   Code   RO         1785    .ARM.Collect$$libinit$$0000001F  c_w.l(libinit2.o)
    0x000002f0   0x00000000   Code   RO         1787    .ARM.Collect$$libinit$$00000021  c_w.l(libinit2.o)
    0x000002f0   0x00000000   Code   RO         1789    .ARM.Collect$$libinit$$00000023  c_w.l(libinit2.o)
    0x000002f0   0x00000000   Code   RO         1793    .ARM.Collect$$libinit$$0000002A  c_w.l(libinit2.o)
    0x000002f0   0x00000000   Code   RO         1795    .ARM.Collect$$libinit$$0000002C  c_w.l(libinit2.o)
    0x000002f0   0x00000000   Code   RO         1797    .ARM.Collect$$libinit$$0000002E  c_w.l(libinit2.o)
    0x000002f0   0x00000000   Code   RO         1799    .ARM.Collect$$libinit$$00000030  c_w.l(libinit2.o)
    0x000002f0   0x00000002   Code   RO         1800    .ARM.Collect$$libinit$$00000031  c_w.l(libinit2.o)
    0x000002f2   0x00000002   Code   RO         1820    .ARM.Collect$$libshutdown$$00000000  c_w.l(libshutdown.o)
    0x000002f4   0x00000000   Code   RO         1834    .ARM.Collect$$libshutdown$$00000003  c_w.l(libshutdown2.o)
    0x000002f4   0x00000000   Code   RO         1837    .ARM.Collect$$libshutdown$$00000006  c_w.l(libshutdown2.o)
    0x000002f4   0x00000000   Code   RO         1840    .ARM.Collect$$libshutdown$$00000009  c_w.l(libshutdown2.o)
    0x000002f4   0x00000000   Code   RO         1842    .ARM.Collect$$libshutdown$$0000000B  c_w.l(libshutdown2.o)
    0x000002f4   0x00000000   Code   RO         1845    .ARM.Collect$$libshutdown$$0000000E  c_w.l(libshutdown2.o)
    0x000002f4   0x00000002   Code   RO         1846    .ARM.Collect$$libshutdown$$0000000F  c_w.l(libshutdown2.o)
    0x000002f6   0x00000000   Code   RO         1718    .ARM.Collect$$rtentry$$00000000  c_w.l(rtentry.o)
    0x000002f6   0x00000000   Code   RO         1727    .ARM.Collect$$rtentry$$00000002  c_w.l(rtentry2.o)
    0x000002f6   0x00000006   Code   RO         1739    .ARM.Collect$$rtentry$$00000004  c_w.l(rtentry4.o)
    0x000002fc   0x00000000   Code   RO         1729    .ARM.Collect$$rtentry$$00000009  c_w.l(rtentry2.o)
    0x000002fc   0x00000004   Code   RO         1730    .ARM.Collect$$rtentry$$0000000A  c_w.l(rtentry2.o)
    0x00000300   0x00000000   Code   RO         1732    .ARM.Collect$$rtentry$$0000000C  c_w.l(rtentry2.o)
    0x00000300   0x00000008   Code   RO         1733    .ARM.Collect$$rtentry$$0000000D  c_w.l(rtentry2.o)
    0x00000308   0x00000002   Code   RO         1756    .ARM.Collect$$rtexit$$00000000  c_w.l(rtexit.o)
    0x0000030a   0x00000000   Code   RO         1802    .ARM.Collect$$rtexit$$00000002  c_w.l(rtexit2.o)
    0x0000030a   0x00000004   Code   RO         1803    .ARM.Collect$$rtexit$$00000003  c_w.l(rtexit2.o)
    0x0000030e   0x00000006   Code   RO         1804    .ARM.Collect$$rtexit$$00000004  c_w.l(rtexit2.o)
    0x00000314   0x00000006   Code   RO          913    .emb_text           driverlib.lib(sysctl.o)
    0x0000031a   0x00000002   PAD
    0x0000031c   0x00000114   Code   RO          184  * .text               startup_tm4c123.o
    0x00000430   0x00000028   Code   RO         1686    .text               c_w.l(noretval__2sprintf.o)
    0x00000458   0x00000068   Code   RO         1688    .text               c_w.l(__printf.o)
    0x000004c0   0x00000074   Code   RO         1690    .text               c_w.l(_printf_dec.o)
    0x00000534   0x00000006   Code   RO         1714    .text               c_w.l(heapauxi.o)
    0x0000053a   0x000000b2   Code   RO         1719    .text               c_w.l(_printf_intcommon.o)
    0x000005ec   0x00000030   Code   RO         1721    .text               c_w.l(_printf_char_common.o)
    0x0000061c   0x0000000a   Code   RO         1723    .text               c_w.l(_sputc.o)
    0x00000626   0x0000004a   Code   RO         1743    .text               c_w.l(sys_stackheap_outer.o)
    0x00000670   0x0000000c   Code   RO         1745    .text               c_w.l(exit.o)
    0x0000067c   0x00000008   Code   RO         1753    .text               c_w.l(libspace.o)
    0x00000684   0x0000000c   Code   RO         1812    .text               c_w.l(sys_exit.o)
    0x00000690   0x00000002   Code   RO         1823    .text               c_w.l(use_no_semi.o)
    0x00000692   0x00000000   Code   RO         1825    .text               c_w.l(indicate_semi.o)
    0x00000692   0x00000028   Code   RO          250    i.GPIODirModeSet    driverlib.lib(gpio.o)
    0x000006ba   0x00000138   Code   RO          262    i.GPIOPadConfigSet  driverlib.lib(gpio.o)
    0x000007f2   0x00000002   PAD
    0x000007f4   0x00000044   Code   RO          263    i.GPIOPinConfigure  driverlib.lib(gpio.o)
    0x00000838   0x0000001c   Code   RO          277    i.GPIOPinTypeI2C    driverlib.lib(gpio.o)
    0x00000854   0x0000001c   Code   RO          278    i.GPIOPinTypeI2CSCL  driverlib.lib(gpio.o)
    0x00000870   0x0000001c   Code   RO          286    i.GPIOPinTypeUART   driverlib.lib(gpio.o)
    0x0000088c   0x0000000c   Code   RO          587    i.I2CMasterBusy     driverlib.lib(i2c.o)
    0x00000898   0x00000004   Code   RO          588    i.I2CMasterControl  driverlib.lib(i2c.o)
    0x0000089c   0x00000004   Code   RO          589    i.I2CMasterDataGet  driverlib.lib(i2c.o)
    0x000008a0   0x00000004   Code   RO          590    i.I2CMasterDataPut  driverlib.lib(i2c.o)
    0x000008a4   0x00000054   Code   RO          595    i.I2CMasterInitExpClk  driverlib.lib(i2c.o)
    0x000008f8   0x00000008   Code   RO          605    i.I2CMasterSlaveAddrSet  driverlib.lib(i2c.o)
    0x00000900   0x00000154   Code   RO          916    i.SysCtlClockGet    driverlib.lib(sysctl.o)
    0x00000a54   0x00000028   Code   RO          947    i.SysCtlPeripheralEnable  driverlib.lib(sysctl.o)
    0x00000a7c   0x00000098   Code   RO          192    i.SystemInit        system_tm4c123.o
    0x00000b14   0x00000006   Code   RO         1279    i.UARTClockSourceSet  driverlib.lib(uart.o)
    0x00000b1a   0x00000002   PAD
    0x00000b1c   0x0000006c   Code   RO          123    i.UARTStdioConfig   uartstdio.o
    0x00000b88   0x0000001a   Code   RO          126    i.UARTprintf        uartstdio.o
    0x00000ba2   0x00000002   PAD
    0x00000ba4   0x00000250   Code   RO          127    i.UARTvprintf       uartstdio.o
    0x00000df4   0x00000040   Code   RO          128    i.UARTwrite         uartstdio.o
    0x00000e34   0x00000058   Code   RO           72    i.i2cRead           mpu6050.o
    0x00000e8c   0x000000ac   Code   RO           73    i.i2cReadData       mpu6050.o
    0x00000f38   0x00000014   Code   RO           74    i.i2cWrite          mpu6050.o
    0x00000f4c   0x00000084   Code   RO           75    i.i2cWriteData      mpu6050.o
    0x00000fd0   0x00000064   Code   RO           76    i.initI2C           mpu6050.o
    0x00001034   0x00000098   Code   RO           77    i.initMPU6050       mpu6050.o
    0x000010cc   0x0000022c   Code   RO            1    i.main              hello.o
    0x000012f8   0x0000000a   Code   RO         1810    x$fpl$fpinit        fz_wm.l(fpinit.o)
    0x00001302   0x00000002   PAD
    0x00001304   0x0000001c   Data   RO          129    .constdata          uartstdio.o
    0x00001320   0x00000228   Data   RO          294    .constdata          driverlib.lib(gpio.o)
    0x00001548   0x00000254   Data   RO          969    .constdata          driverlib.lib(sysctl.o)
    0x0000179c   0x00000011   Data   RO          130    .conststring        uartstdio.o
    0x000017ad   0x00000003   PAD
    0x000017b0   0x00000020   Data   RO         1877    Region$$Table       anon$$obj.o


    Execution Region ER_RW (Base: 0x20000000, Size: 0x00000030, Max: 0xffffffff, ABSOLUTE)

    Base Addr    Size         Type   Attr      Idx    E Section Name        Object

    0x20000000   0x00000028   Data   RW            3    .data               hello.o
    0x20000028   0x00000005   Data   RW          131    .data               uartstdio.o


    Execution Region ER_ZI (Base: 0x20000030, Size: 0x000002f8, Max: 0xffffffff, ABSOLUTE)

    Base Addr    Size         Type   Attr      Idx    E Section Name        Object

    0x20000030   0x00000096   Zero   RW            2    .bss                hello.o
    0x200000c6   0x00000002   PAD
    0x200000c8   0x00000060   Zero   RW         1754    .bss                c_w.l(libspace.o)
    0x20000128   0x00000000   Zero   RW          182    HEAP                startup_tm4c123.o
    0x20000128   0x00000200   Zero   RW          181    STACK               startup_tm4c123.o


==============================================================================

Image component sizes


      Code (inc. data)   RO Data    RW Data    ZI Data      Debug   Object Name

       556        104          0         40        150       6970   hello.o
       664         28          0          0          0       4369   mpu6050.o
       276         24        620          0        512       5464   startup_tm4c123.o
       152         40          0          0          0        581   system_tm4c123.o
       790         36         45          5          0       4456   uartstdio.o

    ----------------------------------------------------------------------
      2440        232        700         48        664      21840   Object Totals
         0          0         32          0          0          0   (incl. Generated)
         2          0          3          3          2          0   (incl. Padding)

    ----------------------------------------------------------------------

      Code (inc. data)   RO Data    RW Data    ZI Data      Debug   Library Member Name

         8          0          0          0          0         68   __main.o
       104          0          0          0          0         84   __printf.o
        52          8          0          0          0          0   __scatter.o
        26          0          0          0          0          0   __scatter_copy.o
        28          0          0          0          0          0   __scatter_zi.o
        48          6          0          0          0         96   _printf_char_common.o
         6          0          0          0          0          0   _printf_d.o
       116         16          0          0          0         92   _printf_dec.o
       178          0          0          0          0         88   _printf_intcommon.o
         0          0          0          0          0          0   _printf_percent.o
         4          0          0          0          0          0   _printf_percent_end.o
        10          0          0          0          0         68   _sputc.o
        12          0          0          0          0         72   exit.o
         6          0          0          0          0        152   heapauxi.o
         0          0          0          0          0          0   indicate_semi.o
         2          0          0          0          0          0   libinit.o
         6          0          0          0          0          0   libinit2.o
         2          0          0          0          0          0   libshutdown.o
         2          0          0          0          0          0   libshutdown2.o
         8          4          0          0         96         68   libspace.o
        40          6          0          0          0         84   noretval__2sprintf.o
         0          0          0          0          0          0   rtentry.o
        12          0          0          0          0          0   rtentry2.o
         6          0          0          0          0          0   rtentry4.o
         2          0          0          0          0          0   rtexit.o
        10          0          0          0          0          0   rtexit2.o
        12          4          0          0          0         68   sys_exit.o
        74          0          0          0          0         80   sys_stackheap_outer.o
         2          0          0          0          0         68   use_no_semi.o
       504          8        552          0          0       7698   gpio.o
       116         12          0          0          0       3972   i2c.o
       386         40        596          0          0       3530   sysctl.o
         6          0          0          0          0        497   uart.o
        10          0          0          0          0        116   fpinit.o

    ----------------------------------------------------------------------
      1808        104       1148          0         96      16901   Library Totals
        10          0          0          0          0          0   (incl. Padding)

    ----------------------------------------------------------------------

      Code (inc. data)   RO Data    RW Data    ZI Data      Debug   Library Name

       776         44          0          0         96       1088   c_w.l
      1012         60       1148          0          0      15697   driverlib.lib
        10          0          0          0          0        116   fz_wm.l

    ----------------------------------------------------------------------
      1808        104       1148          0         96      16901   Library Totals

    ----------------------------------------------------------------------

==============================================================================


      Code (inc. data)   RO Data    RW Data    ZI Data      Debug   

      4248        336       1848         48        760      36173   Grand Totals
      4248        336       1848         48        760      36173   ELF Image Totals
      4248        336       1848         48          0          0   ROM Totals

==============================================================================

    Total RO  Size (Code + RO Data)                 6096 (   5.95kB)
    Total RW  Size (RW Data + ZI Data)               808 (   0.79kB)
    Total ROM Size (Code + RO Data + RW Data)       6144 (   6.00kB)

==============================================================================

